[    0.000000] microcode: microcode updated early to revision 0x436, date = 2024-08-01
[    0.000000] Linux version 5.15.0-139-generic (buildd@lcy02-amd64-029) (gcc (Ubuntu 11.4.0-1ubuntu1~22.04) 11.4.0, GNU ld (GNU Binutils for Ubuntu) 2.38) #149-Ubuntu SMP Fri Apr 11 22:06:13 UTC 2025 (Ubuntu 5.15.0-139.149-generic 5.15.178)
[    0.000000] Command line: BOOT_IMAGE=/boot/vmlinuz-5.15.0-139-generic root=UUID=24a3ac68-43a5-4d64-9a26-88f86e005af9 ro
[    0.000000] KERNEL supported cpus:
[    0.000000]   Intel GenuineIntel
[    0.000000]   AMD AuthenticAMD
[    0.000000]   Hygon HygonGenuine
[    0.000000]   Centaur CentaurHauls
[    0.000000]   zhaoxin   Shanghai  
[    0.000000] x86/tme: not enabled by BIOS
[    0.000000] x86/split lock detection: #AC: crashing the kernel on kernel split_locks and warning on user-space split_locks
[    0.000000] BIOS-provided physical RAM map:
[    0.000000] BIOS-e820: [mem 0x0000000000000000-0x000000000009dfff] usable
[    0.000000] BIOS-e820: [mem 0x000000000009e000-0x000000000009efff] reserved
[    0.000000] BIOS-e820: [mem 0x000000000009f000-0x000000000009ffff] usable
[    0.000000] BIOS-e820: [mem 0x00000000000a0000-0x00000000000fffff] reserved
[    0.000000] BIOS-e820: [mem 0x0000000000100000-0x000000004cd3afff] usable
[    0.000000] BIOS-e820: [mem 0x000000004cd3b000-0x0000000055c66fff] reserved
[    0.000000] BIOS-e820: [mem 0x0000000055c67000-0x0000000055d40fff] ACPI data
[    0.000000] BIOS-e820: [mem 0x0000000055d41000-0x0000000055ec6fff] ACPI NVS
[    0.000000] BIOS-e820: [mem 0x0000000055ec7000-0x00000000597fefff] reserved
[    0.000000] BIOS-e820: [mem 0x00000000597ff000-0x00000000597fffff] usable
[    0.000000] BIOS-e820: [mem 0x0000000059800000-0x000000005fffffff] reserved
[    0.000000] BIOS-e820: [mem 0x0000000061000000-0x00000000611fffff] reserved
[    0.000000] BIOS-e820: [mem 0x0000000061e00000-0x00000000687fffff] reserved
[    0.000000] BIOS-e820: [mem 0x00000000c0000000-0x00000000cfffffff] reserved
[    0.000000] BIOS-e820: [mem 0x00000000fe000000-0x00000000fe010fff] reserved
[    0.000000] BIOS-e820: [mem 0x00000000fec00000-0x00000000fec00fff] reserved
[    0.000000] BIOS-e820: [mem 0x00000000fed00000-0x00000000fed00fff] reserved
[    0.000000] BIOS-e820: [mem 0x00000000fed20000-0x00000000fed7ffff] reserved
[    0.000000] BIOS-e820: [mem 0x00000000fee00000-0x00000000fee00fff] reserved
[    0.000000] BIOS-e820: [mem 0x00000000ff000000-0x00000000ffffffff] reserved
[    0.000000] BIOS-e820: [mem 0x0000000100000000-0x00000010977fffff] usable
[    0.000000] NX (Execute Disable) protection: active
[    0.000000] efi: EFI v2.80 by American Megatrends
[    0.000000] efi: ACPI=0x55e40000 ACPI 2.0=0x55e40014 TPMFinalLog=0x55dac000 SMBIOS=0x5947c000 SMBIOS 3.0=0x5947b000 MEMATTR=0x427e6418 ESRT=0x427e6e98 MOKvar=0x594c3000 RNG=0x55c92018 TPMEventLog=0x55c8c018 
[    0.000000] random: crng init done
[    0.000000] secureboot: Secure boot disabled
[    0.000000] SMBIOS 3.5.0 present.
[    0.000000] DMI: Intel(R) Client Systems NUC12WSKv7/NUC12WSBv7, BIOS WSADLV57.0085.2022.0718.1715 07/18/2022
[    0.000000] tsc: Detected 2500.000 MHz processor
[    0.000000] tsc: Detected 2496.000 MHz TSC
[    0.000674] e820: update [mem 0x00000000-0x00000fff] usable ==> reserved
[    0.000676] e820: remove [mem 0x000a0000-0x000fffff] usable
[    0.000681] last_pfn = 0x1097800 max_arch_pfn = 0x400000000
[    0.000879] x86/PAT: Configuration [0-7]: WB  WC  UC- UC  WB  WP  UC- WT  
[    0.002200] total RAM covered: 128576M
[    0.002284] Found optimal setting for mtrr clean up
[    0.002284]  gran_size: 64K 	chunk_size: 64K 	num_reg: 8  	lose cover RAM: 0G
[    0.002710] e820: update [mem 0x64000000-0xffffffff] usable ==> reserved
[    0.002713] last_pfn = 0x59800 max_arch_pfn = 0x400000000
[    0.016249] esrt: Reserving ESRT space from 0x00000000427e6e98 to 0x00000000427e6f98.
[    0.016253] e820: update [mem 0x427e6000-0x427e6fff] usable ==> reserved
[    0.016267] Using GB pages for direct mapping
[    0.016268] Incomplete global flushes, disabling PCID
[    0.016416] secureboot: Secure boot disabled
[    0.016417] RAMDISK: [mem 0x3bbad000-0x4211ffff]
[    0.016421] ACPI: Early table checksum verification disabled
[    0.016424] ACPI: RSDP 0x0000000055E40014 000024 (v02 INTEL )
[    0.016427] ACPI: XSDT 0x0000000055DDC728 00011C (v01 INTEL  NUCxi7A5 00000055 AMI  01000013)
[    0.016432] ACPI: FACP 0x0000000055D3E000 000114 (v06 INTEL  NUCxi7A5 00000055 AMI  01000013)
[    0.016436] ACPI: DSDT 0x0000000055CD1000 06CECF (v02 INTEL  NUCxi7A5 00000055 INTL 20200717)
[    0.016438] ACPI: FACS 0x0000000055EC4000 000040
[    0.016440] ACPI: FIDT 0x0000000055CD0000 00009C (v01 INTEL  NUCxi7A5 00000055 AMI  00010013)
[    0.016442] ACPI: SSDT 0x0000000055D40000 00038C (v02 INTEL  NUCxi7A5 00000055 INTL 20200717)
[    0.016445] ACPI: SSDT 0x0000000055CCA000 005D2C (v02 INTEL  NUCxi7A5 00000055 INTL 20200717)
[    0.016447] ACPI: SSDT 0x0000000055CC7000 002AA1 (v02 INTEL  NUCxi7A5 00000055 INTL 20200717)
[    0.016449] ACPI: SSDT 0x0000000055CC3000 0033D3 (v02 INTEL  NUCxi7A5 00000055 INTL 20200717)
[    0.016451] ACPI: SSDT 0x0000000055CB5000 00D39F (v02 INTEL  NUCxi7A5 00001000 INTL 20200717)
[    0.016453] ACPI: HPET 0x0000000055D3F000 000038 (v01 INTEL  NUCxi7A5 00000055 AMI  01000013)
[    0.016455] ACPI: APIC 0x0000000055CB4000 0001DC (v05 INTEL  NUCxi7A5 00000055 AMI  01000013)
[    0.016457] ACPI: MCFG 0x0000000055CB3000 00003C (v01 INTEL  NUCxi7A5 00000055 AMI  01000013)
[    0.016460] ACPI: SSDT 0x0000000055CB1000 001F04 (v02 INTEL  NUCxi7A5 00000055 INTL 20200717)
[    0.016462] ACPI: SSDT 0x0000000055CAF000 001DFD (v02 INTEL  NUCxi7A5 00000055 INTL 20200717)
[    0.016464] ACPI: UEFI 0x0000000055D93000 000048 (v01 INTEL  NUCxi7A5 00000055 AMI  01000013)
[    0.016466] ACPI: NHLT 0x0000000055CAE000 00002D (v00 INTEL  NUCxi7A5 00000055 AMI  01000013)
[    0.016468] ACPI: LPIT 0x0000000055CAD000 0000CC (v01 INTEL  NUCxi7A5 00000055 AMI  01000013)
[    0.016470] ACPI: WDAT 0x0000000055CAB000 000134 (v01 INTEL  NUCxi7A5 00000055 AMI  01000013)
[    0.016473] ACPI: SSDT 0x0000000055CA8000 002A83 (v02 INTEL  NUCxi7A5 00000055 INTL 20200717)
[    0.016475] ACPI: SSDT 0x0000000055CA5000 002357 (v02 INTEL  NUCxi7A5 00000055 INTL 20200717)
[    0.016477] ACPI: DBGP 0x0000000055CA4000 000034 (v01 INTEL  NUCxi7A5 00000055 AMI  01000013)
[    0.016479] ACPI: DBG2 0x0000000055CA3000 000054 (v00 INTEL  NUCxi7A5 00000055 AMI  01000013)
[    0.016481] ACPI: DMAR 0x0000000055CA2000 000088 (v02 INTEL  NUCxi7A5 00000055      01000013)
[    0.016483] ACPI: FPDT 0x0000000055CA1000 000044 (v01 INTEL  NUCxi7A5 00000055 AMI  01000013)
[    0.016485] ACPI: SSDT 0x0000000055CA0000 000D56 (v02 INTEL  NUCxi7A5 00000055 INTL 20200717)
[    0.016487] ACPI: SSDT 0x0000000055C9C000 003AEA (v02 INTEL  NUCxi7A5 00000055 INTL 20200717)
[    0.016489] ACPI: SSDT 0x0000000055C98000 0035A2 (v02 INTEL  NUCxi7A5 00000055 INTL 20200717)
[    0.016492] ACPI: SSDT 0x0000000055C97000 000144 (v02 INTEL  NUCxi7A5 00000055 INTL 20200717)
[    0.016494] ACPI: BGRT 0x0000000055C96000 000038 (v01 INTEL  NUCxi7A5 00000055 AMI  00010013)
[    0.016496] ACPI: TPM2 0x0000000055C95000 00004C (v04 INTEL  NUCxi7A5 00000055 AMI  00000000)
[    0.016498] ACPI: ASF! 0x0000000055C94000 000074 (v32 INTEL  NUCxi7A5 00000055 AMI  01000013)
[    0.016500] ACPI: PHAT 0x0000000055C93000 00062D (v01 INTEL  NUCxi7A5 00000055 MSFT 0100000D)
[    0.016502] ACPI: WSMT 0x0000000055CAC000 000028 (v01 INTEL  NUCxi7A5 00000055 AMI  00010013)
[    0.016504] ACPI: Reserving FACP table memory at [mem 0x55d3e000-0x55d3e113]
[    0.016505] ACPI: Reserving DSDT table memory at [mem 0x55cd1000-0x55d3dece]
[    0.016506] ACPI: Reserving FACS table memory at [mem 0x55ec4000-0x55ec403f]
[    0.016507] ACPI: Reserving FIDT table memory at [mem 0x55cd0000-0x55cd009b]
[    0.016508] ACPI: Reserving SSDT table memory at [mem 0x55d40000-0x55d4038b]
[    0.016509] ACPI: Reserving SSDT table memory at [mem 0x55cca000-0x55ccfd2b]
[    0.016509] ACPI: Reserving SSDT table memory at [mem 0x55cc7000-0x55cc9aa0]
[    0.016510] ACPI: Reserving SSDT table memory at [mem 0x55cc3000-0x55cc63d2]
[    0.016511] ACPI: Reserving SSDT table memory at [mem 0x55cb5000-0x55cc239e]
[    0.016511] ACPI: Reserving HPET table memory at [mem 0x55d3f000-0x55d3f037]
[    0.016512] ACPI: Reserving APIC table memory at [mem 0x55cb4000-0x55cb41db]
[    0.016513] ACPI: Reserving MCFG table memory at [mem 0x55cb3000-0x55cb303b]
[    0.016514] ACPI: Reserving SSDT table memory at [mem 0x55cb1000-0x55cb2f03]
[    0.016514] ACPI: Reserving SSDT table memory at [mem 0x55caf000-0x55cb0dfc]
[    0.016515] ACPI: Reserving UEFI table memory at [mem 0x55d93000-0x55d93047]
[    0.016516] ACPI: Reserving NHLT table memory at [mem 0x55cae000-0x55cae02c]
[    0.016517] ACPI: Reserving LPIT table memory at [mem 0x55cad000-0x55cad0cb]
[    0.016517] ACPI: Reserving WDAT table memory at [mem 0x55cab000-0x55cab133]
[    0.016518] ACPI: Reserving SSDT table memory at [mem 0x55ca8000-0x55caaa82]
[    0.016519] ACPI: Reserving SSDT table memory at [mem 0x55ca5000-0x55ca7356]
[    0.016520] ACPI: Reserving DBGP table memory at [mem 0x55ca4000-0x55ca4033]
[    0.016520] ACPI: Reserving DBG2 table memory at [mem 0x55ca3000-0x55ca3053]
[    0.016521] ACPI: Reserving DMAR table memory at [mem 0x55ca2000-0x55ca2087]
[    0.016522] ACPI: Reserving FPDT table memory at [mem 0x55ca1000-0x55ca1043]
[    0.016523] ACPI: Reserving SSDT table memory at [mem 0x55ca0000-0x55ca0d55]
[    0.016523] ACPI: Reserving SSDT table memory at [mem 0x55c9c000-0x55c9fae9]
[    0.016524] ACPI: Reserving SSDT table memory at [mem 0x55c98000-0x55c9b5a1]
[    0.016525] ACPI: Reserving SSDT table memory at [mem 0x55c97000-0x55c97143]
[    0.016526] ACPI: Reserving BGRT table memory at [mem 0x55c96000-0x55c96037]
[    0.016526] ACPI: Reserving TPM2 table memory at [mem 0x55c95000-0x55c9504b]
[    0.016527] ACPI: Reserving ASF! table memory at [mem 0x55c94000-0x55c94073]
[    0.016528] ACPI: Reserving PHAT table memory at [mem 0x55c93000-0x55c9362c]
[    0.016529] ACPI: Reserving WSMT table memory at [mem 0x55cac000-0x55cac027]
[    0.016902] No NUMA configuration found
[    0.016902] Faking a node at [mem 0x0000000000000000-0x00000010977fffff]
[    0.016907] NODE_DATA(0) allocated [mem 0x10977d6000-0x10977fffff]
[    0.017138] Zone ranges:
[    0.017138]   DMA      [mem 0x0000000000001000-0x0000000000ffffff]
[    0.017140]   DMA32    [mem 0x0000000001000000-0x00000000ffffffff]
[    0.017141]   Normal   [mem 0x0000000100000000-0x00000010977fffff]
[    0.017142]   Device   empty
[    0.017143] Movable zone start for each node
[    0.017144] Early memory node ranges
[    0.017144]   node   0: [mem 0x0000000000001000-0x000000000009dfff]
[    0.017145]   node   0: [mem 0x000000000009f000-0x000000000009ffff]
[    0.017146]   node   0: [mem 0x0000000000100000-0x000000004cd3afff]
[    0.017147]   node   0: [mem 0x00000000597ff000-0x00000000597fffff]
[    0.017147]   node   0: [mem 0x0000000100000000-0x00000010977fffff]
[    0.017150] Initmem setup node 0 [mem 0x0000000000001000-0x00000010977fffff]
[    0.017153] On node 0, zone DMA: 1 pages in unavailable ranges
[    0.017154] On node 0, zone DMA: 1 pages in unavailable ranges
[    0.017169] On node 0, zone DMA: 96 pages in unavailable ranges
[    0.018565] On node 0, zone DMA32: 19140 pages in unavailable ranges
[    0.089944] On node 0, zone Normal: 26624 pages in unavailable ranges
[    0.089958] On node 0, zone Normal: 2048 pages in unavailable ranges
[    0.089992] Reserving Intel graphics memory at [mem 0x64800000-0x687fffff]
[    0.091532] ACPI: PM-Timer IO Port: 0x1808
[    0.091537] ACPI: LAPIC_NMI (acpi_id[0x01] high edge lint[0x1])
[    0.091539] ACPI: LAPIC_NMI (acpi_id[0x02] high edge lint[0x1])
[    0.091539] ACPI: LAPIC_NMI (acpi_id[0x03] high edge lint[0x1])
[    0.091540] ACPI: LAPIC_NMI (acpi_id[0x04] high edge lint[0x1])
[    0.091540] ACPI: LAPIC_NMI (acpi_id[0x05] high edge lint[0x1])
[    0.091541] ACPI: LAPIC_NMI (acpi_id[0x06] high edge lint[0x1])
[    0.091541] ACPI: LAPIC_NMI (acpi_id[0x07] high edge lint[0x1])
[    0.091542] ACPI: LAPIC_NMI (acpi_id[0x08] high edge lint[0x1])
[    0.091542] ACPI: LAPIC_NMI (acpi_id[0x09] high edge lint[0x1])
[    0.091543] ACPI: LAPIC_NMI (acpi_id[0x0a] high edge lint[0x1])
[    0.091543] ACPI: LAPIC_NMI (acpi_id[0x0b] high edge lint[0x1])
[    0.091544] ACPI: LAPIC_NMI (acpi_id[0x0c] high edge lint[0x1])
[    0.091544] ACPI: LAPIC_NMI (acpi_id[0x0d] high edge lint[0x1])
[    0.091545] ACPI: LAPIC_NMI (acpi_id[0x0e] high edge lint[0x1])
[    0.091546] ACPI: LAPIC_NMI (acpi_id[0x0f] high edge lint[0x1])
[    0.091546] ACPI: LAPIC_NMI (acpi_id[0x10] high edge lint[0x1])
[    0.091547] ACPI: LAPIC_NMI (acpi_id[0x11] high edge lint[0x1])
[    0.091547] ACPI: LAPIC_NMI (acpi_id[0x12] high edge lint[0x1])
[    0.091548] ACPI: LAPIC_NMI (acpi_id[0x13] high edge lint[0x1])
[    0.091548] ACPI: LAPIC_NMI (acpi_id[0x14] high edge lint[0x1])
[    0.091549] ACPI: LAPIC_NMI (acpi_id[0x15] high edge lint[0x1])
[    0.091549] ACPI: LAPIC_NMI (acpi_id[0x16] high edge lint[0x1])
[    0.091550] ACPI: LAPIC_NMI (acpi_id[0x17] high edge lint[0x1])
[    0.091550] ACPI: LAPIC_NMI (acpi_id[0x00] high edge lint[0x1])
[    0.091632] IOAPIC[0]: apic_id 2, version 32, address 0xfec00000, GSI 0-119
[    0.091634] ACPI: INT_SRC_OVR (bus 0 bus_irq 0 global_irq 2 dfl dfl)
[    0.091635] ACPI: INT_SRC_OVR (bus 0 bus_irq 9 global_irq 9 high level)
[    0.091638] ACPI: Using ACPI (MADT) for SMP configuration information
[    0.091639] ACPI: HPET id: 0x8086a201 base: 0xfed00000
[    0.091643] e820: update [mem 0x4335d000-0x433fbfff] usable ==> reserved
[    0.091651] TSC deadline timer available
[    0.091651] smpboot: Allowing 16 CPUs, 0 hotplug CPUs
[    0.091663] PM: hibernation: Registered nosave memory: [mem 0x00000000-0x00000fff]
[    0.091664] PM: hibernation: Registered nosave memory: [mem 0x0009e000-0x0009efff]
[    0.091665] PM: hibernation: Registered nosave memory: [mem 0x000a0000-0x000fffff]
[    0.091667] PM: hibernation: Registered nosave memory: [mem 0x427e6000-0x427e6fff]
[    0.091668] PM: hibernation: Registered nosave memory: [mem 0x4335d000-0x433fbfff]
[    0.091669] PM: hibernation: Registered nosave memory: [mem 0x4cd3b000-0x55c66fff]
[    0.091669] PM: hibernation: Registered nosave memory: [mem 0x55c67000-0x55d40fff]
[    0.091670] PM: hibernation: Registered nosave memory: [mem 0x55d41000-0x55ec6fff]
[    0.091670] PM: hibernation: Registered nosave memory: [mem 0x55ec7000-0x597fefff]
[    0.091671] PM: hibernation: Registered nosave memory: [mem 0x59800000-0x5fffffff]
[    0.091672] PM: hibernation: Registered nosave memory: [mem 0x60000000-0x60ffffff]
[    0.091672] PM: hibernation: Registered nosave memory: [mem 0x61000000-0x611fffff]
[    0.091673] PM: hibernation: Registered nosave memory: [mem 0x61200000-0x61dfffff]
[    0.091674] PM: hibernation: Registered nosave memory: [mem 0x61e00000-0x687fffff]
[    0.091674] PM: hibernation: Registered nosave memory: [mem 0x68800000-0xbfffffff]
[    0.091675] PM: hibernation: Registered nosave memory: [mem 0xc0000000-0xcfffffff]
[    0.091675] PM: hibernation: Registered nosave memory: [mem 0xd0000000-0xfdffffff]
[    0.091676] PM: hibernation: Registered nosave memory: [mem 0xfe000000-0xfe010fff]
[    0.091676] PM: hibernation: Registered nosave memory: [mem 0xfe011000-0xfebfffff]
[    0.091677] PM: hibernation: Registered nosave memory: [mem 0xfec00000-0xfec00fff]
[    0.091677] PM: hibernation: Registered nosave memory: [mem 0xfec01000-0xfecfffff]
[    0.091678] PM: hibernation: Registered nosave memory: [mem 0xfed00000-0xfed00fff]
[    0.091678] PM: hibernation: Registered nosave memory: [mem 0xfed01000-0xfed1ffff]
[    0.091679] PM: hibernation: Registered nosave memory: [mem 0xfed20000-0xfed7ffff]
[    0.091679] PM: hibernation: Registered nosave memory: [mem 0xfed80000-0xfedfffff]
[    0.091680] PM: hibernation: Registered nosave memory: [mem 0xfee00000-0xfee00fff]
[    0.091680] PM: hibernation: Registered nosave memory: [mem 0xfee01000-0xfeffffff]
[    0.091681] PM: hibernation: Registered nosave memory: [mem 0xff000000-0xffffffff]
[    0.091682] [mem 0x68800000-0xbfffffff] available for PCI devices
[    0.091683] Booting paravirtualized kernel on bare hardware
[    0.091685] clocksource: refined-jiffies: mask: 0xffffffff max_cycles: 0xffffffff, max_idle_ns: 7645519600211568 ns
[    0.091689] setup_percpu: NR_CPUS:8192 nr_cpumask_bits:16 nr_cpu_ids:16 nr_node_ids:1
[    0.092091] percpu: Embedded 62 pages/cpu s217088 r8192 d28672 u262144
[    0.092096] pcpu-alloc: s217088 r8192 d28672 u262144 alloc=1*2097152
[    0.092097] pcpu-alloc: [0] 00 01 02 03 04 05 06 07 [0] 08 09 10 11 12 13 14 15 
[    0.092116] Built 1 zonelists, mobility grouping on.  Total pages: 16403239
[    0.092117] Policy zone: Normal
[    0.092118] Kernel command line: BOOT_IMAGE=/boot/vmlinuz-5.15.0-139-generic root=UUID=24a3ac68-43a5-4d64-9a26-88f86e005af9 ro
[    0.092137] Unknown kernel command line parameters "BOOT_IMAGE=/boot/vmlinuz-5.15.0-139-generic", will be passed to user space.
[    0.096212] Dentry cache hash table entries: 8388608 (order: 14, 67108864 bytes, linear)
[    0.098247] Inode-cache hash table entries: 4194304 (order: 13, 33554432 bytes, linear)
[    0.098362] mem auto-init: stack:off, heap alloc:on, heap free:off
[    0.183655] Memory: 65115664K/66655080K available (16392K kernel code, 4400K rwdata, 10980K rodata, 3376K init, 18688K bss, 1539156K reserved, 0K cma-reserved)
[    0.183730] SLUB: HWalign=64, Order=0-3, MinObjects=0, CPUs=16, Nodes=1
[    0.183745] ftrace: allocating 50824 entries in 199 pages
[    0.198707] ftrace: allocated 199 pages with 5 groups
[    0.198782] rcu: Hierarchical RCU implementation.
[    0.198783] rcu: 	RCU restricting CPUs from NR_CPUS=8192 to nr_cpu_ids=16.
[    0.198784] 	Rude variant of Tasks RCU enabled.
[    0.198785] 	Tracing variant of Tasks RCU enabled.
[    0.198785] rcu: RCU calculated value of scheduler-enlistment delay is 25 jiffies.
[    0.198786] rcu: Adjusting geometry for rcu_fanout_leaf=16, nr_cpu_ids=16
[    0.201101] NR_IRQS: 524544, nr_irqs: 2184, preallocated irqs: 16
[    0.201850] Console: colour dummy device 80x25
[    0.201974] printk: console [tty0] enabled
[    0.201986] ACPI: Core revision 20210730
[    0.202181] hpet: HPET dysfunctional in PC10. Force disabled.
[    0.202183] APIC: Switch to symmetric I/O mode setup
[    0.202186] DMAR: Host address width 39
[    0.202187] DMAR: DRHD base: 0x000000fed90000 flags: 0x0
[    0.202190] DMAR: dmar0: reg_base_addr fed90000 ver 4:0 cap 1c0000c40660462 ecap 29a00f0505e
[    0.202192] DMAR: DRHD base: 0x000000fed91000 flags: 0x1
[    0.202194] DMAR: dmar1: reg_base_addr fed91000 ver 5:0 cap d2008c40660462 ecap f050da
[    0.202199] DMAR: RMRR base: 0x00000064000000 end: 0x000000687fffff
[    0.202214] DMAR-IR: IOAPIC id 2 under DRHD base  0xfed91000 IOMMU 1
[    0.202218] DMAR-IR: HPET id 0 under DRHD base 0xfed91000
[    0.202219] DMAR-IR: Queued invalidation will be enabled to support x2apic and Intr-remapping.
[    0.207412] DMAR-IR: Enabled IRQ remapping in x2apic mode
[    0.207415] x2apic enabled
[    0.207482] Switched APIC routing to cluster x2apic.
[    0.223221] clocksource: tsc-early: mask: 0xffffffffffffffff max_cycles: 0x23fa772cf26, max_idle_ns: 440795269835 ns
[    0.223228] Calibrating delay loop (skipped), value calculated using timer frequency.. 4992.00 BogoMIPS (lpj=9984000)
[    0.223277] CPU0: Thermal monitoring enabled (TM1)
[    0.223279] x86/cpu: User Mode Instruction Prevention (UMIP) activated
[    0.223377] process: using mwait in idle threads
[    0.223379] Last level iTLB entries: 4KB 0, 2MB 0, 4MB 0
[    0.223380] Last level dTLB entries: 4KB 0, 2MB 0, 4MB 0, 1GB 0
[    0.223382] Spectre V1 : Mitigation: usercopy/swapgs barriers and __user pointer sanitization
[    0.223384] Spectre V2 : Mitigation: Enhanced / Automatic IBRS
[    0.223385] Spectre V2 : Spectre v2 / SpectreRSB mitigation: Filling RSB on context switch
[    0.223386] Spectre V2 : Spectre v2 / PBRSB-eIBRS: Retire a single CALL on VMEXIT
[    0.223388] Spectre V2 : mitigation: Enabling conditional Indirect Branch Prediction Barrier
[    0.223389] Speculative Store Bypass: Mitigation: Speculative Store Bypass disabled via prctl and seccomp
[    0.223391] Register File Data Sampling: Mitigation: Clear Register File
[    0.223401] x86/fpu: Supporting XSAVE feature 0x001: 'x87 floating point registers'
[    0.223402] x86/fpu: Supporting XSAVE feature 0x002: 'SSE registers'
[    0.223403] x86/fpu: Supporting XSAVE feature 0x004: 'AVX registers'
[    0.223404] x86/fpu: Supporting XSAVE feature 0x200: 'Protection Keys User registers'
[    0.223406] x86/fpu: xstate_offset[2]:  576, xstate_sizes[2]:  256
[    0.223407] x86/fpu: xstate_offset[9]:  832, xstate_sizes[9]:    8
[    0.223408] x86/fpu: Enabled xstate features 0x207, context size is 840 bytes, using 'compacted' format.
[    0.227226] Freeing SMP alternatives memory: 44K
[    0.227226] pid_max: default: 32768 minimum: 301
[    0.227226] LSM: Security Framework initializing
[    0.227226] landlock: Up and running.
[    0.227226] Yama: becoming mindful.
[    0.227226] AppArmor: AppArmor initialized
[    0.227226] Mount-cache hash table entries: 131072 (order: 8, 1048576 bytes, linear)
[    0.227226] Mountpoint-cache hash table entries: 131072 (order: 8, 1048576 bytes, linear)
[    0.227226] smpboot: Estimated ratio of average max frequency by base frequency (times 1024): 1597
[    0.227226] smpboot: CPU0: 12th Gen Intel(R) Core(TM) i7-1270P (family: 0x6, model: 0x9a, stepping: 0x3)
[    0.227226] Performance Events: XSAVE Architectural LBR, PEBS fmt4+-baseline,  AnyThread deprecated, Alderlake Hybrid events, 32-deep LBR, full-width counters, Intel PMU driver.
[    0.227226] core: cpu_core PMU driver: 
[    0.227226] ... version:                5
[    0.227226] ... bit width:              48
[    0.227226] ... generic registers:      8
[    0.227226] ... value mask:             0000ffffffffffff
[    0.227226] ... max period:             00007fffffffffff
[    0.227226] ... fixed-purpose events:   4
[    0.227226] ... event mask:             0001000f000000ff
[    0.227226] signal: max sigframe size: 3632
[    0.227226] rcu: Hierarchical SRCU implementation.
[    0.227226] NMI watchdog: Enabled. Permanently consumes one hw-PMU counter.
[    0.227226] smp: Bringing up secondary CPUs ...
[    0.227226] x86: Booting SMP configuration:
[    0.227226] .... node  #0, CPUs:        #1  #2  #3  #4  #5  #6  #7  #8
[    0.025401] core: cpu_atom PMU driver: PEBS-via-PT 
[    0.025401] ... version:                5
[    0.025401] ... bit width:              48
[    0.025401] ... generic registers:      6
[    0.025401] ... value mask:             0000ffffffffffff
[    0.025401] ... max period:             00007fffffffffff
[    0.025401] ... fixed-purpose events:   3
[    0.025401] ... event mask:             000000070000003f
[    0.250894]   #9 #10 #11 #12 #13 #14 #15
[    0.264998] smp: Brought up 1 node, 16 CPUs
[    0.264998] smpboot: Max logical packages: 1
[    0.264998] smpboot: Total of 16 processors activated (79872.00 BogoMIPS)
[    0.269227] devtmpfs: initialized
[    0.269227] x86/mm: Memory block size: 2048MB
[    0.269227] ACPI: PM: Registering ACPI NVS region [mem 0x55d41000-0x55ec6fff] (1597440 bytes)
[    0.269227] clocksource: jiffies: mask: 0xffffffff max_cycles: 0xffffffff, max_idle_ns: 7645041785100000 ns
[    0.269227] futex hash table entries: 4096 (order: 6, 262144 bytes, linear)
[    0.269227] pinctrl core: initialized pinctrl subsystem
[    0.269227] PM: RTC time: 04:01:10, date: 2025-05-22
[    0.269227] NET: Registered PF_NETLINK/PF_ROUTE protocol family
[    0.269227] DMA: preallocated 4096 KiB GFP_KERNEL pool for atomic allocations
[    0.269227] DMA: preallocated 4096 KiB GFP_KERNEL|GFP_DMA pool for atomic allocations
[    0.269227] DMA: preallocated 4096 KiB GFP_KERNEL|GFP_DMA32 pool for atomic allocations
[    0.269227] audit: initializing netlink subsys (disabled)
[    0.271244] audit: type=2000 audit(1747886470.048:1): state=initialized audit_enabled=0 res=1
[    0.271296] thermal_sys: Registered thermal governor 'fair_share'
[    0.271297] thermal_sys: Registered thermal governor 'bang_bang'
[    0.271298] thermal_sys: Registered thermal governor 'step_wise'
[    0.271299] thermal_sys: Registered thermal governor 'user_space'
[    0.271300] thermal_sys: Registered thermal governor 'power_allocator'
[    0.271304] EISA bus registered
[    0.271311] cpuidle: using governor ladder
[    0.271314] cpuidle: using governor menu
[    0.271323] ACPI: bus type PCI registered
[    0.271323] acpiphp: ACPI Hot Plug PCI Controller Driver version: 0.5
[    0.271341] PCI: MMCONFIG for domain 0000 [bus 00-ff] at [mem 0xc0000000-0xcfffffff] (base 0xc0000000)
[    0.271345] PCI: MMCONFIG at [mem 0xc0000000-0xcfffffff] reserved in E820
[    0.271356] PCI: Using configuration type 1 for base access
[    0.271581] ENERGY_PERF_BIAS: Set to 'normal', was 'performance'
[    0.271889] kprobes: kprobe jump-optimization is enabled. All kprobes are optimized if possible.
[    0.271892] HugeTLB registered 1.00 GiB page size, pre-allocated 0 pages
[    0.271892] HugeTLB registered 2.00 MiB page size, pre-allocated 0 pages
[    0.271892] fbcon: Taking over console
[    0.271892] ACPI: Added _OSI(Module Device)
[    0.271892] ACPI: Added _OSI(Processor Device)
[    0.271892] ACPI: Added _OSI(3.0 _SCP Extensions)
[    0.271892] ACPI: Added _OSI(Processor Aggregator Device)
[    0.271892] ACPI: Added _OSI(Linux-Dell-Video)
[    0.271892] ACPI: Added _OSI(Linux-Lenovo-NV-HDMI-Audio)
[    0.271892] ACPI: Added _OSI(Linux-HPI-Hybrid-Graphics)
[    0.350886] ACPI: 14 ACPI AML tables successfully acquired and loaded
[    0.364588] ACPI: Dynamic OEM Table Load:
[    0.364596] ACPI: SSDT 0xFFFF895BC02C5000 0001AB (v02 PmRef  Cpu0Psd  00003000 INTL 20200717)
[    0.365255] ACPI: \_SB_.PR00: _OSC native thermal LVT Acked
[    0.370977] ACPI: USB4 _OSC: OS supports USB3+ DisplayPort+ PCIe+ XDomain+
[    0.370979] ACPI: USB4 _OSC: OS controls USB3+ DisplayPort+ PCIe+ XDomain+
[    0.372118] ACPI: Dynamic OEM Table Load:
[    0.372123] ACPI: SSDT 0xFFFF895BC1BA0800 000394 (v02 PmRef  Cpu0Cst  00003001 INTL 20200717)
[    0.372930] ACPI: Dynamic OEM Table Load:
[    0.372935] ACPI: SSDT 0xFFFF895BC1BAF000 0005E4 (v02 PmRef  Cpu0Ist  00003000 INTL 20200717)
[    0.373806] ACPI: Dynamic OEM Table Load:
[    0.373810] ACPI: SSDT 0xFFFF895BC1BA9000 0004BA (v02 PmRef  Cpu0Hwp  00003000 INTL 20200717)
[    0.374873] ACPI: Dynamic OEM Table Load:
[    0.374879] ACPI: SSDT 0xFFFF895BC0D5E000 001BAF (v02 PmRef  ApIst    00003000 INTL 20200717)
[    0.376225] ACPI: Dynamic OEM Table Load:
[    0.376230] ACPI: SSDT 0xFFFF895BC0D58000 001038 (v02 PmRef  ApHwp    00003000 INTL 20200717)
[    0.377389] ACPI: Dynamic OEM Table Load:
[    0.377394] ACPI: SSDT 0xFFFF895BC1BBA000 001349 (v02 PmRef  ApPsd    00003000 INTL 20200717)
[    0.378571] ACPI: Dynamic OEM Table Load:
[    0.378576] ACPI: SSDT 0xFFFF895BC0188000 000FBB (v02 PmRef  ApCst    00003000 INTL 20200717)
[    0.384402] ACPI: EC: EC started
[    0.384403] ACPI: EC: interrupt blocked
[    0.384456] ACPI: EC: EC_CMD/EC_SC=0x66, EC_DATA=0x62
[    0.384458] ACPI: \_SB_.PC00.LPCB.EC0_: Boot DSDT EC used to handle transactions
[    0.384459] ACPI: Interpreter enabled
[    0.384502] ACPI: PM: (supports S0 S3 S4 S5)
[    0.384503] ACPI: Using IOAPIC for interrupt routing
[    0.384541] PCI: Using host bridge windows from ACPI; if necessary, use "pci=nocrs" and report a bug
[    0.384543] PCI: Using E820 reservations for host bridge windows
[    0.385586] ACPI: Enabled 7 GPEs in block 00 to 7F
[    0.387320] ACPI: PM: Power Resource [PXP]
[    0.400635] ACPI: PM: Power Resource [BTRT]
[    0.401033] ACPI: PM: Power Resource [PAUD]
[    0.405224] ACPI: PM: Power Resource [WRST]
[    0.407416] ACPI: PM: Power Resource [TBT0]
[    0.407425] ACPI: PM: Power Resource [TBT1]
[    0.407433] ACPI: PM: Power Resource [D3C]
[    0.672186] ACPI: PM: Power Resource [FN00]
[    0.672225] ACPI: PM: Power Resource [FN01]
[    0.672261] ACPI: PM: Power Resource [FN02]
[    0.672300] ACPI: PM: Power Resource [FN03]
[    0.672334] ACPI: PM: Power Resource [FN04]
[    0.672749] ACPI: PM: Power Resource [PIN]
[    0.673011] ACPI: PCI Root Bridge [PC00] (domain 0000 [bus 00-fe])
[    0.673016] acpi PNP0A08:00: _OSC: OS supports [ExtendedConfig ASPM ClockPM Segments MSI EDR HPX-Type3]
[    0.675133] acpi PNP0A08:00: _OSC: platform does not support [AER]
[    0.679024] acpi PNP0A08:00: _OSC: OS now controls [PCIeHotplug SHPCHotplug PME PCIeCapability LTR DPC]
[    0.680780] PCI host bridge to bus 0000:00
[    0.680782] pci_bus 0000:00: root bus resource [bus 00-fe]
[    0.680784] pci_bus 0000:00: root bus resource [io  0x0000-0x0cf7 window]
[    0.680785] pci_bus 0000:00: root bus resource [io  0x0d00-0xffff window]
[    0.680787] pci_bus 0000:00: root bus resource [mem 0x000a0000-0x000bffff window]
[    0.680788] pci_bus 0000:00: root bus resource [mem 0x000e0000-0x000fffff window]
[    0.680789] pci_bus 0000:00: root bus resource [mem 0x68800000-0xbfffffff window]
[    0.680791] pci_bus 0000:00: root bus resource [mem 0x4000000000-0x7fffffffff window]
[    0.681121] pci 0000:00:00.0: [8086:4621] type 00 class 0x060000
[    0.681589] pci 0000:00:02.0: [8086:46a6] type 00 class 0x030000
[    0.681596] pci 0000:00:02.0: reg 0x10: [mem 0x603c000000-0x603cffffff 64bit]
[    0.681602] pci 0000:00:02.0: reg 0x18: [mem 0x4000000000-0x400fffffff 64bit pref]
[    0.681606] pci 0000:00:02.0: reg 0x20: [io  0x3000-0x303f]
[    0.681619] pci 0000:00:02.0: BAR 2: assigned to efifb
[    0.681620] pci 0000:00:02.0: DMAR: Skip IOMMU disabling for graphics
[    0.681622] pci 0000:00:02.0: Video device with shadowed ROM at [mem 0x000c0000-0x000dffff]
[    0.681644] pci 0000:00:02.0: reg 0x344: [mem 0x00000000-0x00ffffff 64bit]
[    0.681646] pci 0000:00:02.0: VF(n) BAR0 space: [mem 0x00000000-0x06ffffff 64bit] (contains BAR0 for 7 VFs)
[    0.681650] pci 0000:00:02.0: reg 0x34c: [mem 0x00000000-0x1fffffff 64bit pref]
[    0.681651] pci 0000:00:02.0: VF(n) BAR2 space: [mem 0x00000000-0xdfffffff 64bit pref] (contains BAR2 for 7 VFs)
[    0.682110] pci 0000:00:06.0: [8086:464d] type 01 class 0x060400
[    0.682224] pci 0000:00:06.0: PME# supported from D0 D3hot D3cold
[    0.682272] pci 0000:00:06.0: PTM enabled (root), 4ns granularity
[    0.683127] pci 0000:00:07.0: [8086:466e] type 01 class 0x060400
[    0.683162] pci 0000:00:07.0: Overriding RP PIO Log Size to 4
[    0.683194] pci 0000:00:07.0: PME# supported from D0 D3hot D3cold
[    0.683215] pci 0000:00:07.0: PTM enabled (root), 4ns granularity
[    0.685266] pci 0000:00:07.2: [8086:462f] type 01 class 0x060400
[    0.685301] pci 0000:00:07.2: Overriding RP PIO Log Size to 4
[    0.685332] pci 0000:00:07.2: PME# supported from D0 D3hot D3cold
[    0.685353] pci 0000:00:07.2: PTM enabled (root), 4ns granularity
[    0.687463] pci 0000:00:08.0: [8086:464f] type 00 class 0x088000
[    0.687471] pci 0000:00:08.0: reg 0x10: [mem 0x603d1ba000-0x603d1bafff 64bit]
[    0.687698] pci 0000:00:0a.0: [8086:467d] type 00 class 0x118000
[    0.687705] pci 0000:00:0a.0: reg 0x10: [mem 0x603d1a0000-0x603d1a7fff 64bit]
[    0.687723] pci 0000:00:0a.0: enabling Extended Tags
[    0.688243] pci 0000:00:0d.0: [8086:461e] type 00 class 0x0c0330
[    0.688252] pci 0000:00:0d.0: reg 0x10: [mem 0x603d190000-0x603d19ffff 64bit]
[    0.688291] pci 0000:00:0d.0: PME# supported from D3hot D3cold
[    0.690224] pci 0000:00:0d.2: [8086:463e] type 00 class 0x0c0340
[    0.690234] pci 0000:00:0d.2: reg 0x10: [mem 0x603d140000-0x603d17ffff 64bit]
[    0.690241] pci 0000:00:0d.2: reg 0x18: [mem 0x603d1b9000-0x603d1b9fff 64bit]
[    0.690270] pci 0000:00:0d.2: supports D1 D2
[    0.690271] pci 0000:00:0d.2: PME# supported from D0 D1 D2 D3hot D3cold
[    0.690641] pci 0000:00:0d.3: [8086:466d] type 00 class 0x0c0340
[    0.690651] pci 0000:00:0d.3: reg 0x10: [mem 0x603d100000-0x603d13ffff 64bit]
[    0.690658] pci 0000:00:0d.3: reg 0x18: [mem 0x603d1b8000-0x603d1b8fff 64bit]
[    0.690687] pci 0000:00:0d.3: supports D1 D2
[    0.690688] pci 0000:00:0d.3: PME# supported from D0 D1 D2 D3hot D3cold
[    0.691264] pci 0000:00:14.0: [8086:51ed] type 00 class 0x0c0330
[    0.691288] pci 0000:00:14.0: reg 0x10: [mem 0x603d180000-0x603d18ffff 64bit]
[    0.691375] pci 0000:00:14.0: PME# supported from D3hot D3cold
[    0.693189] pci 0000:00:14.2: [8086:51ef] type 00 class 0x050000
[    0.693213] pci 0000:00:14.2: reg 0x10: [mem 0x603d1b0000-0x603d1b3fff 64bit]
[    0.693226] pci 0000:00:14.2: reg 0x18: [mem 0x603d1b7000-0x603d1b7fff 64bit]
[    0.693841] pci 0000:00:14.3: [8086:51f0] type 00 class 0x028000
[    0.693904] pci 0000:00:14.3: reg 0x10: [mem 0x603d1ac000-0x603d1affff 64bit]
[    0.694092] pci 0000:00:14.3: PME# supported from D0 D3hot D3cold
[    0.695165] pci 0000:00:15.0: [8086:51e8] type 00 class 0x0c8000
[    0.695951] pci 0000:00:15.0: reg 0x10: [mem 0x00000000-0x00000fff 64bit]
[    0.699702] pci 0000:00:16.0: [8086:51e0] type 00 class 0x078000
[    0.699729] pci 0000:00:16.0: reg 0x10: [mem 0x603d1b5000-0x603d1b5fff 64bit]
[    0.699816] pci 0000:00:16.0: PME# supported from D3hot
[    0.700393] pci 0000:00:16.3: [8086:51e3] type 00 class 0x070002
[    0.700416] pci 0000:00:16.3: reg 0x10: [io  0x30a0-0x30a7]
[    0.700425] pci 0000:00:16.3: reg 0x14: [mem 0x84504000-0x84504fff]
[    0.701049] pci 0000:00:17.0: [8086:51d3] type 00 class 0x010601
[    0.701067] pci 0000:00:17.0: reg 0x10: [mem 0x84500000-0x84501fff]
[    0.701078] pci 0000:00:17.0: reg 0x14: [mem 0x84503000-0x845030ff]
[    0.701088] pci 0000:00:17.0: reg 0x18: [io  0x3090-0x3097]
[    0.701099] pci 0000:00:17.0: reg 0x1c: [io  0x3080-0x3083]
[    0.701109] pci 0000:00:17.0: reg 0x20: [io  0x3060-0x307f]
[    0.701120] pci 0000:00:17.0: reg 0x24: [mem 0x84502000-0x845027ff]
[    0.701173] pci 0000:00:17.0: PME# supported from D3hot
[    0.701810] pci 0000:00:1d.0: [8086:51b0] type 01 class 0x060400
[    0.701918] pci 0000:00:1d.0: PME# supported from D0 D3hot D3cold
[    0.701953] pci 0000:00:1d.0: PTM enabled (root), 4ns granularity
[    0.702860] pci 0000:00:1f.0: [8086:5182] type 00 class 0x060100
[    0.703475] pci 0000:00:1f.3: [8086:51c8] type 00 class 0x040100
[    0.703533] pci 0000:00:1f.3: reg 0x10: [mem 0x603d1a8000-0x603d1abfff 64bit]
[    0.703603] pci 0000:00:1f.3: reg 0x20: [mem 0x603d000000-0x603d0fffff 64bit]
[    0.703735] pci 0000:00:1f.3: PME# supported from D3hot D3cold
[    0.704515] pci 0000:00:1f.4: [8086:51a3] type 00 class 0x0c0500
[    0.704704] pci 0000:00:1f.4: reg 0x10: [mem 0x603d1b4000-0x603d1b40ff 64bit]
[    0.704879] pci 0000:00:1f.4: reg 0x20: [io  0xefa0-0xefbf]
[    0.705431] pci 0000:00:1f.5: [8086:51a4] type 00 class 0x0c8000
[    0.705454] pci 0000:00:1f.5: reg 0x10: [mem 0xfe010000-0xfe010fff]
[    0.706515] pci 0000:01:00.0: [144d:a80a] type 00 class 0x010802
[    0.706530] pci 0000:01:00.0: reg 0x10: [mem 0x84400000-0x84403fff 64bit]
[    0.706707] pci 0000:00:06.0: PCI bridge to [bus 01]
[    0.706710] pci 0000:00:06.0:   bridge window [mem 0x84400000-0x844fffff]
[    0.706736] pci 0000:00:07.0: PCI bridge to [bus 02-2b]
[    0.706740] pci 0000:00:07.0:   bridge window [mem 0x78000000-0x841fffff]
[    0.706743] pci 0000:00:07.0:   bridge window [mem 0x6020000000-0x603bffffff 64bit pref]
[    0.706767] pci 0000:00:07.2: PCI bridge to [bus 2c-55]
[    0.706771] pci 0000:00:07.2:   bridge window [mem 0x6a000000-0x761fffff]
[    0.706774] pci 0000:00:07.2:   bridge window [mem 0x6000000000-0x601bffffff 64bit pref]
[    0.706957] pci 0000:56:00.0: [8086:15f2] type 00 class 0x020000
[    0.706978] pci 0000:56:00.0: reg 0x10: [mem 0x84200000-0x842fffff]
[    0.707003] pci 0000:56:00.0: reg 0x1c: [mem 0x84300000-0x84303fff]
[    0.707128] pci 0000:56:00.0: PME# supported from D0 D3hot D3cold
[    0.707272] pci 0000:00:1d.0: PCI bridge to [bus 56]
[    0.707277] pci 0000:00:1d.0:   bridge window [mem 0x84200000-0x843fffff]
[    0.712595] ACPI: PCI: Interrupt link LNKA configured for IRQ 0
[    0.712679] ACPI: PCI: Interrupt link LNKB configured for IRQ 1
[    0.712761] ACPI: PCI: Interrupt link LNKC configured for IRQ 0
[    0.712842] ACPI: PCI: Interrupt link LNKD configured for IRQ 0
[    0.712924] ACPI: PCI: Interrupt link LNKE configured for IRQ 0
[    0.713005] ACPI: PCI: Interrupt link LNKF configured for IRQ 0
[    0.713086] ACPI: PCI: Interrupt link LNKG configured for IRQ 0
[    0.713167] ACPI: PCI: Interrupt link LNKH configured for IRQ 0
[    1.032797] ACPI: EC: interrupt unblocked
[    1.032799] ACPI: EC: event unblocked
[    1.032831] ACPI: EC: EC_CMD/EC_SC=0x66, EC_DATA=0x62
[    1.032832] ACPI: EC: GPE=0x6e
[    1.032833] ACPI: \_SB_.PC00.LPCB.EC0_: Boot DSDT EC initialization complete
[    1.032835] ACPI: \_SB_.PC00.LPCB.EC0_: EC: Used to handle transactions and events
[    1.032877] iommu: Default domain type: Translated 
[    1.032877] iommu: DMA domain TLB invalidation policy: lazy mode 
[    1.032877] SCSI subsystem initialized
[    1.032877] libata version 3.00 loaded.
[    1.032877] pci 0000:00:02.0: vgaarb: setting as boot VGA device
[    1.032877] pci 0000:00:02.0: vgaarb: VGA device added: decodes=io+mem,owns=io+mem,locks=none
[    1.032877] pci 0000:00:02.0: vgaarb: bridge control possible
[    1.032877] vgaarb: loaded
[    1.032877] ACPI: bus type USB registered
[    1.032877] usbcore: registered new interface driver usbfs
[    1.032877] usbcore: registered new interface driver hub
[    1.032877] usbcore: registered new device driver usb
[    1.032877] pps_core: LinuxPPS API ver. 1 registered
[    1.032877] pps_core: Software ver. 5.3.6 - Copyright 2005-2007 Rodolfo Giometti <giometti@linux.it>
[    1.032877] PTP clock support registered
[    1.032877] EDAC MC: Ver: 3.0.0
[    1.032877] Registered efivars operations
[    1.032877] NetLabel: Initializing
[    1.032877] NetLabel:  domain hash size = 128
[    1.032877] NetLabel:  protocols = UNLABELED CIPSOv4 CALIPSO
[    1.032877] NetLabel:  unlabeled traffic allowed by default
[    1.032877] PCI: Using ACPI for IRQ routing
[    1.141046] PCI: pci_cache_line_size set to 64 bytes
[    1.142029] pci 0000:00:1f.5: can't claim BAR 0 [mem 0xfe010000-0xfe010fff]: no compatible bridge window
[    1.143011] e820: reserve RAM buffer [mem 0x0009e000-0x0009ffff]
[    1.143012] e820: reserve RAM buffer [mem 0x427e6000-0x43ffffff]
[    1.143013] e820: reserve RAM buffer [mem 0x4335d000-0x43ffffff]
[    1.143013] e820: reserve RAM buffer [mem 0x4cd3b000-0x4fffffff]
[    1.143014] e820: reserve RAM buffer [mem 0x59800000-0x5bffffff]
[    1.143014] e820: reserve RAM buffer [mem 0x1097800000-0x1097ffffff]
[    1.143860] clocksource: Switched to clocksource tsc-early
[    1.148627] VFS: Disk quotas dquot_6.6.0
[    1.148636] VFS: Dquot-cache hash table entries: 512 (order 0, 4096 bytes)
[    1.148696] AppArmor: AppArmor Filesystem Enabled
[    1.148715] pnp: PnP ACPI init
[    1.149778] system 00:00: [io  0x0a00-0x0a0f] has been reserved
[    1.149780] system 00:00: [io  0x0a10-0x0a2f] has been reserved
[    1.149781] system 00:00: [io  0x0a30-0x0a4f] has been reserved
[    1.149782] system 00:00: [io  0x0a50-0x0a6f] has been reserved
[    1.149783] system 00:00: [io  0x0a70-0x0a7f] has been reserved
[    1.149785] system 00:00: [io  0x0a80-0x0a8f] has been reserved
[    1.149881] system 00:01: [io  0x0680-0x069f] has been reserved
[    1.149882] system 00:01: [io  0x164e-0x164f] has been reserved
[    1.149970] system 00:02: [io  0x1854-0x1857] has been reserved
[    1.150530] pnp 00:03: disabling [mem 0xc0000000-0xcfffffff] because it overlaps 0000:00:02.0 BAR 9 [mem 0x00000000-0xdfffffff 64bit pref]
[    1.150542] system 00:03: [mem 0xfedc0000-0xfedc7fff] has been reserved
[    1.150544] system 00:03: [mem 0xfeda0000-0xfeda0fff] has been reserved
[    1.150545] system 00:03: [mem 0xfeda1000-0xfeda1fff] has been reserved
[    1.150546] system 00:03: [mem 0xfed20000-0xfed7ffff] could not be reserved
[    1.150548] system 00:03: [mem 0xfed90000-0xfed93fff] could not be reserved
[    1.150549] system 00:03: [mem 0xfed45000-0xfed8ffff] could not be reserved
[    1.150550] system 00:03: [mem 0xfee00000-0xfeefffff] could not be reserved
[    1.153049] system 00:04: [io  0x2000-0x20fe] has been reserved
[    1.153662] pnp: PnP ACPI: found 6 devices
[    1.158798] clocksource: acpi_pm: mask: 0xffffff max_cycles: 0xffffff, max_idle_ns: 2085701024 ns
[    1.158830] NET: Registered PF_INET protocol family
[    1.158982] IP idents hash table entries: 262144 (order: 9, 2097152 bytes, linear)
[    1.159946] tcp_listen_portaddr_hash hash table entries: 32768 (order: 7, 524288 bytes, linear)
[    1.159983] Table-perturb hash table entries: 65536 (order: 6, 262144 bytes, linear)
[    1.160276] TCP established hash table entries: 524288 (order: 10, 4194304 bytes, linear)
[    1.160649] TCP bind hash table entries: 65536 (order: 8, 1048576 bytes, linear)
[    1.160688] TCP: Hash tables configured (established 524288 bind 65536)
[    1.160888] MPTCP token hash table entries: 65536 (order: 8, 1572864 bytes, linear)
[    1.161037] UDP hash table entries: 32768 (order: 8, 1048576 bytes, linear)
[    1.161147] UDP-Lite hash table entries: 32768 (order: 8, 1048576 bytes, linear)
[    1.161213] NET: Registered PF_UNIX/PF_LOCAL protocol family
[    1.161217] NET: Registered PF_XDP protocol family
[    1.161222] pci_bus 0000:00: max bus depth: 1 pci_try_num: 2
[    1.161229] clipped [mem size 0x00000000 64bit pref] to [mem size 0xfffffffffffe0000 64bit pref] for e820 entry [mem 0x000a0000-0x000fffff]
[    1.161233] pci 0000:00:02.0: BAR 9: assigned [mem 0x4020000000-0x40ffffffff 64bit pref]
[    1.161236] clipped [mem size 0x00000000 64bit] to [mem size 0xfffffffffffe0000 64bit] for e820 entry [mem 0x000a0000-0x000fffff]
[    1.161239] pci 0000:00:02.0: BAR 7: assigned [mem 0x4010000000-0x4016ffffff 64bit]
[    1.161241] pci 0000:00:07.0: BAR 13: assigned [io  0x4000-0x4fff]
[    1.161243] pci 0000:00:07.2: BAR 13: assigned [io  0x5000-0x5fff]
[    1.161245] clipped [mem size 0x00000000 64bit] to [mem size 0xfffffffffffe0000 64bit] for e820 entry [mem 0x000a0000-0x000fffff]
[    1.161247] pci 0000:00:15.0: BAR 0: assigned [mem 0x4017000000-0x4017000fff 64bit]
[    1.161625] clipped [mem size 0x00020000] to [mem size 0xfffffffffffc0000] for e820 entry [mem 0x000a0000-0x000fffff]
[    1.161627] clipped [mem size 0x00010000] to [mem size 0xffffffffffff0000] for e820 entry [mem 0x000a0000-0x000fffff]
[    1.161628] pci 0000:00:1f.5: BAR 0: assigned [mem 0x68800000-0x68800fff]
[    1.161653] pci 0000:00:06.0: PCI bridge to [bus 01]
[    1.161678] pci 0000:00:06.0:   bridge window [mem 0x84400000-0x844fffff]
[    1.161712] pci 0000:00:07.0: PCI bridge to [bus 02-2b]
[    1.161713] pci 0000:00:07.0:   bridge window [io  0x4000-0x4fff]
[    1.161716] pci 0000:00:07.0:   bridge window [mem 0x78000000-0x841fffff]
[    1.161719] pci 0000:00:07.0:   bridge window [mem 0x6020000000-0x603bffffff 64bit pref]
[    1.161722] pci 0000:00:07.2: PCI bridge to [bus 2c-55]
[    1.161724] pci 0000:00:07.2:   bridge window [io  0x5000-0x5fff]
[    1.161726] pci 0000:00:07.2:   bridge window [mem 0x6a000000-0x761fffff]
[    1.161729] pci 0000:00:07.2:   bridge window [mem 0x6000000000-0x601bffffff 64bit pref]
[    1.161733] pci 0000:00:1d.0: PCI bridge to [bus 56]
[    1.161753] pci 0000:00:1d.0:   bridge window [mem 0x84200000-0x843fffff]
[    1.161761] pci_bus 0000:00: resource 4 [io  0x0000-0x0cf7 window]
[    1.161762] pci_bus 0000:00: resource 5 [io  0x0d00-0xffff window]
[    1.161764] pci_bus 0000:00: resource 6 [mem 0x000a0000-0x000bffff window]
[    1.161765] pci_bus 0000:00: resource 7 [mem 0x000e0000-0x000fffff window]
[    1.161766] pci_bus 0000:00: resource 8 [mem 0x68800000-0xbfffffff window]
[    1.161767] pci_bus 0000:00: resource 9 [mem 0x4000000000-0x7fffffffff window]
[    1.161769] pci_bus 0000:01: resource 1 [mem 0x84400000-0x844fffff]
[    1.161770] pci_bus 0000:02: resource 0 [io  0x4000-0x4fff]
[    1.161771] pci_bus 0000:02: resource 1 [mem 0x78000000-0x841fffff]
[    1.161772] pci_bus 0000:02: resource 2 [mem 0x6020000000-0x603bffffff 64bit pref]
[    1.161773] pci_bus 0000:2c: resource 0 [io  0x5000-0x5fff]
[    1.161774] pci_bus 0000:2c: resource 1 [mem 0x6a000000-0x761fffff]
[    1.161775] pci_bus 0000:2c: resource 2 [mem 0x6000000000-0x601bffffff 64bit pref]
[    1.161777] pci_bus 0000:56: resource 1 [mem 0x84200000-0x843fffff]
[    1.163142] PCI: CLS 64 bytes, default 64
[    1.163148] DMAR: Intel-IOMMU force enabled due to platform opt in
[    1.163156] DMAR: No ATSR found
[    1.163157] DMAR: No SATC found
[    1.163158] DMAR: IOMMU feature fl1gp_support inconsistent
[    1.163159] DMAR: IOMMU feature pgsel_inv inconsistent
[    1.163160] DMAR: IOMMU feature nwfs inconsistent
[    1.163161] DMAR: IOMMU feature dit inconsistent
[    1.163162] DMAR: IOMMU feature sc_support inconsistent
[    1.163162] DMAR: IOMMU feature dev_iotlb_support inconsistent
[    1.163163] DMAR: dmar0: Using Queued invalidation
[    1.163166] DMAR: dmar1: Using Queued invalidation
[    1.163205] Trying to unpack rootfs image as initramfs...
[    1.163338] pci 0000:00:00.0: Adding to iommu group 0
[    1.163344] pci 0000:00:02.0: Adding to iommu group 1
[    1.163372] pci 0000:00:06.0: Adding to iommu group 2
[    1.163378] pci 0000:00:07.0: Adding to iommu group 3
[    1.163384] pci 0000:00:07.2: Adding to iommu group 4
[    1.163389] pci 0000:00:08.0: Adding to iommu group 5
[    1.163394] pci 0000:00:0a.0: Adding to iommu group 6
[    1.163403] pci 0000:00:0d.0: Adding to iommu group 7
[    1.163408] pci 0000:00:0d.2: Adding to iommu group 7
[    1.163413] pci 0000:00:0d.3: Adding to iommu group 7
[    1.163422] pci 0000:00:14.0: Adding to iommu group 8
[    1.163426] pci 0000:00:14.2: Adding to iommu group 8
[    1.163431] pci 0000:00:14.3: Adding to iommu group 9
[    1.163437] pci 0000:00:15.0: Adding to iommu group 10
[    1.163448] pci 0000:00:16.0: Adding to iommu group 11
[    1.163463] pci 0000:00:16.3: Adding to iommu group 11
[    1.163471] pci 0000:00:17.0: Adding to iommu group 12
[    1.163491] pci 0000:00:1d.0: Adding to iommu group 13
[    1.163503] pci 0000:00:1f.0: Adding to iommu group 14
[    1.163508] pci 0000:00:1f.3: Adding to iommu group 14
[    1.163513] pci 0000:00:1f.4: Adding to iommu group 14
[    1.163519] pci 0000:00:1f.5: Adding to iommu group 14
[    1.163547] pci 0000:01:00.0: Adding to iommu group 15
[    1.163567] pci 0000:56:00.0: Adding to iommu group 16
[    1.163720] DMAR: Intel(R) Virtualization Technology for Directed I/O
[    1.163721] PCI-DMA: Using software bounce buffering for IO (SWIOTLB)
[    1.163722] software IO TLB: mapped [mem 0x000000003447b000-0x000000003847b000] (64MB)
[    1.163776] perf uncore: Cannot find matched IMC device.
[    1.163781] perf uncore: Cannot find matched IMC device.
[    1.173613] clocksource: tsc: mask: 0xffffffffffffffff max_cycles: 0x23fa772cf26, max_idle_ns: 440795269835 ns
[    1.173653] clocksource: Switched to clocksource tsc
[    1.173667] platform rtc_cmos: registered platform RTC device (no PNP device found)
[    1.174177] Initialise system trusted keyrings
[    1.174183] Key type blacklist registered
[    1.174200] workingset: timestamp_bits=36 max_order=24 bucket_order=0
[    1.174706] zbud: loaded
[    1.174826] squashfs: version 4.0 (2009/01/31) Phillip Lougher
[    1.174909] fuse: init (API version 7.34)
[    1.175030] integrity: Platform Keyring initialized
[    1.180480] Key type asymmetric registered
[    1.180481] Asymmetric key parser 'x509' registered
[    1.180491] Block layer SCSI generic (bsg) driver version 0.4 loaded (major 243)
[    1.180529] io scheduler mq-deadline registered
[    1.181211] pcieport 0000:00:06.0: PME: Signaling with IRQ 122
[    1.181401] pcieport 0000:00:07.0: PME: Signaling with IRQ 123
[    1.181427] pcieport 0000:00:07.0: pciehp: Slot #3 AttnBtn- PwrCtrl- MRL- AttnInd- PwrInd- HotPlug+ Surprise+ Interlock- NoCompl+ IbPresDis- LLActRep+
[    1.181603] pcieport 0000:00:07.2: PME: Signaling with IRQ 124
[    1.181614] pcieport 0000:00:07.2: pciehp: Slot #5 AttnBtn- PwrCtrl- MRL- AttnInd- PwrInd- HotPlug+ Surprise+ Interlock- NoCompl+ IbPresDis- LLActRep+
[    1.181872] pcieport 0000:00:1d.0: PME: Signaling with IRQ 125
[    1.181987] shpchp: Standard Hot Plug PCI Controller Driver version: 0.4
[    1.182155] Monitor-Mwait will be used to enter C-1 state
[    1.182157] Monitor-Mwait will be used to enter C-2 state
[    1.182159] Monitor-Mwait will be used to enter C-3 state
[    1.182160] ACPI: \_SB_.PR00: Found 3 idle states
[    1.182899] input: Sleep Button as /devices/LNXSYSTM:00/LNXSYBUS:00/PNP0C0E:00/input/input0
[    1.182914] ACPI: button: Sleep Button [SLPB]
[    1.182931] input: Power Button as /devices/LNXSYSTM:00/LNXSYBUS:00/PNP0C0C:00/input/input1
[    1.182943] ACPI: button: Power Button [PWRB]
[    1.182957] input: Power Button as /devices/LNXSYSTM:00/LNXPWRBN:00/input/input2
[    1.182976] ACPI: button: Power Button [PWRF]
[    1.183265] smpboot: Estimated ratio of average max frequency by base frequency (times 1024): 1597
[    1.186117] thermal LNXTHERM:00: registered as thermal_zone0
[    1.186119] ACPI: thermal: Thermal Zone [TZ00] (64 C)
[    1.186219] Serial: 8250/16550 driver, 32 ports, IRQ sharing enabled
[    1.187101] serial 0000:00:16.3: enabling device (0000 -> 0003)
[    1.208450] 0000:00:16.3: ttyS4 at I/O 0x30a0 (irq = 19, base_baud = 115200) is a 16550A
[    1.208614] hpet_acpi_add: no address or irqs in _CRS
[    1.208643] Linux agpgart interface v0.103
[    1.213333] tpm_tis MSFT0101:00: 2.0 TPM (device-id 0x1B, rev-id 22)
[    1.217322] tpm tpm0: [Firmware Bug]: TPM interrupt not working, polling instead
[    1.245336] loop: module loaded
[    1.245488] tun: Universal TUN/TAP device driver, 1.6
[    1.245556] PPP generic driver version 2.4.2
[    1.245580] VFIO - User Level meta-driver version: 0.3
[    1.245615] ehci_hcd: USB 2.0 'Enhanced' Host Controller (EHCI) Driver
[    1.245617] ehci-pci: EHCI PCI platform driver
[    1.245622] ehci-platform: EHCI generic platform driver
[    1.245626] ohci_hcd: USB 1.1 'Open' Host Controller (OHCI) Driver
[    1.245628] ohci-pci: OHCI PCI platform driver
[    1.245631] ohci-platform: OHCI generic platform driver
[    1.245634] uhci_hcd: USB Universal Host Controller Interface driver
[    1.245657] i8042: PNP: No PS/2 controller found.
[    1.245679] mousedev: PS/2 mouse device common for all mice
[    1.245725] rtc_cmos rtc_cmos: RTC can wake from S4
[    1.248004] rtc_cmos rtc_cmos: registered as rtc0
[    1.248528] rtc_cmos rtc_cmos: setting system clock to 2025-05-22T04:01:11 UTC (1747886471)
[    1.248555] rtc_cmos rtc_cmos: alarms up to one month, y3k, 114 bytes nvram
[    1.248558] i2c_dev: i2c /dev entries driver
[    1.249268] device-mapper: core: CONFIG_IMA_DISABLE_HTABLE is disabled. Duplicate IMA measurements will not be recorded in the IMA log.
[    1.249282] device-mapper: uevent: version 1.0.3
[    1.249322] device-mapper: ioctl: 4.45.0-ioctl (2021-03-22) initialised: dm-devel@redhat.com
[    1.249333] platform eisa.0: Probing EISA bus 0
[    1.249334] platform eisa.0: EISA: Cannot allocate resource for mainboard
[    1.249335] platform eisa.0: Cannot allocate resource for EISA slot 1
[    1.249336] platform eisa.0: Cannot allocate resource for EISA slot 2
[    1.249337] platform eisa.0: Cannot allocate resource for EISA slot 3
[    1.249338] platform eisa.0: Cannot allocate resource for EISA slot 4
[    1.249339] platform eisa.0: Cannot allocate resource for EISA slot 5
[    1.249340] platform eisa.0: Cannot allocate resource for EISA slot 6
[    1.249341] platform eisa.0: Cannot allocate resource for EISA slot 7
[    1.249342] platform eisa.0: Cannot allocate resource for EISA slot 8
[    1.249343] platform eisa.0: EISA: Detected 0 cards
[    1.249345] intel_pstate: Intel P-state driver initializing
[    1.250968] intel_pstate: HWP enabled
[    1.251559] ledtrig-cpu: registered to indicate activity on CPUs
[    1.251601] efifb: probing for efifb
[    1.251608] efifb: framebuffer at 0x4000000000, using 32400k, total 32400k
[    1.251610] efifb: mode is 3840x2160x32, linelength=15360, pages=1
[    1.251611] efifb: scrolling: redraw
[    1.251611] efifb: Truecolor: size=8:8:8:8, shift=24:16:8:0
[    1.251653] Console: switching to colour frame buffer device 240x67
[    1.257832] fb0: EFI VGA frame buffer device
[    1.257865] EFI Variables Facility v0.08 2004-May-17
[    1.274981] intel_pmc_core INT33A1:00:  initialized
[    1.275048] drop_monitor: Initializing network drop monitor service
[    1.275153] NET: Registered PF_INET6 protocol family
[    1.465642] Freeing initrd memory: 103884K
[    1.469030] Segment Routing with IPv6
[    1.469055] In-situ OAM (IOAM) with IPv6
[    1.469089] NET: Registered PF_PACKET protocol family
[    1.469130] Key type dns_resolver registered
[    1.470581] microcode: sig=0x906a3, pf=0x80, revision=0x436
[    1.471221] microcode: Microcode Update Driver: v2.2.
[    1.471224] IPI shorthand broadcast: enabled
[    1.471288] sched_clock: Marking stable (1449147016, 21401949)->(1491600377, -21051412)
[    1.471808] registered taskstats version 1
[    1.473183] Loading compiled-in X.509 certificates
[    1.473569] Loaded X.509 cert 'Build time autogenerated kernel key: 3c9e194aa9b20a1f1f9a95994524367e256a5d64'
[    1.473842] Loaded X.509 cert 'Canonical Ltd. Live Patch Signing: 14df34d1a87cf37625abec039ef2bf521249b969'
[    1.474127] Loaded X.509 cert 'Canonical Ltd. Kernel Module Signing: 88f752e560a1e0737e31163a466ad7b70a850c19'
[    1.474164] blacklist: Loading compiled-in revocation X.509 certificates
[    1.474196] Loaded X.509 cert 'Canonical Ltd. Secure Boot Signing: 61482aa2830d0ab2ad5af10b7250da9033ddcef0'
[    1.474241] Loaded X.509 cert 'Canonical Ltd. Secure Boot Signing (2017): 242ade75ac4a15e50d50c84b0d45ff3eae707a03'
[    1.474287] Loaded X.509 cert 'Canonical Ltd. Secure Boot Signing (ESM 2018): 365188c1d374d6b07c3c8f240f8ef722433d6a8b'
[    1.474331] Loaded X.509 cert 'Canonical Ltd. Secure Boot Signing (2019): c0746fd6c5da3ae827864651ad66ae47fe24b3e8'
[    1.474374] Loaded X.509 cert 'Canonical Ltd. Secure Boot Signing (2021 v1): a8d54bbb3825cfb94fa13c9f8a594a195c107b8d'
[    1.474433] Loaded X.509 cert 'Canonical Ltd. Secure Boot Signing (2021 v2): 4cf046892d6fd3c9a5b03f98d845f90851dc6a8c'
[    1.474477] Loaded X.509 cert 'Canonical Ltd. Secure Boot Signing (2021 v3): 100437bb6de6e469b581e61cd66bce3ef4ed53af'
[    1.474522] Loaded X.509 cert 'Canonical Ltd. Secure Boot Signing (Ubuntu Core 2019): c1d57b8f6b743f23ee41f4f7ee292f06eecadfb9'
[    1.474915] zswap: loaded using pool lzo/zbud
[    1.475857] Key type .fscrypt registered
[    1.475873] Key type fscrypt-provisioning registered
[    1.475912] Key type trusted registered
[    1.477948] Key type encrypted registered
[    1.477970] AppArmor: AppArmor sha1 policy hashing enabled
[    1.478336] integrity: Loading X.509 certificate: UEFI:db
[    1.478375] integrity: Loaded X.509 cert 'Microsoft Corporation UEFI CA 2011: 13adbf4309bd82709c8cd54f316ed522988a1bd4'
[    1.478424] integrity: Loading X.509 certificate: UEFI:db
[    1.478460] integrity: Loaded X.509 cert 'Microsoft Windows Production PCA 2011: a92902398e16c49778cd90f99e4f9ae17c55af53'
[    1.478848] integrity: Loading X.509 certificate: UEFI:MokListRT (MOKvar table)
[    1.479035] integrity: Loaded X.509 cert 'Canonical Ltd. Master Certificate Authority: ad91990bc22ab1f517048c23b6655a268e345a63'
[    1.479107] Loading compiled-in module X.509 certificates
[    1.479419] Loaded X.509 cert 'Build time autogenerated kernel key: 3c9e194aa9b20a1f1f9a95994524367e256a5d64'
[    1.481157] ima: Allocated hash algorithm: sha1
[    1.535836] ima: No architecture policies found
[    1.540456] evm: Initialising EVM extended attributes:
[    1.543309] evm: security.selinux
[    1.544972] evm: security.SMACK64
[    1.547099] evm: security.SMACK64EXEC
[    1.548687] evm: security.SMACK64TRANSMUTE
[    1.550619] evm: security.SMACK64MMAP
[    1.552184] evm: security.apparmor
[    1.553902] evm: security.ima
[    1.555471] evm: security.capability
[    1.557033] evm: HMAC attrs: 0x1
[    1.559307] PM:   Magic number: 9:31:10
[    1.561171] RAS: Correctable Errors collector initialized.
[    1.563338] clk: Disabling unused clocks
[    1.567743] Freeing unused decrypted memory: 2036K
[    1.570013] Freeing unused kernel image (initmem) memory: 3376K
[    1.571589] Write protecting the kernel read-only data: 30720k
[    1.573979] Freeing unused kernel image (text/rodata gap) memory: 2036K
[    1.576029] Freeing unused kernel image (rodata/data gap) memory: 1308K
[    1.582616] x86/mm: Checked W+X mappings: passed, no W+X pages found.
[    1.584200] Run /init as init process
[    1.585859]   with arguments:
[    1.585860]     /init
[    1.585860]   with environment:
[    1.585861]     HOME=/
[    1.585861]     TERM=linux
[    1.585862]     BOOT_IMAGE=/boot/vmlinuz-5.15.0-139-generic
[    1.639998] intel-pmt 0000:00:0a.0: Watcher not supported
[    1.642990] intel-pmt 0000:00:0a.0: Crashlog not supported
[    1.648430] xhci_hcd 0000:00:0d.0: xHCI Host Controller
[    1.648492] ahci 0000:00:17.0: version 3.0
[    1.648496] Intel(R) 2.5G Ethernet Linux Driver
[    1.648498] Copyright(c) 2018 Intel Corporation.
[    1.648504] ACPI: bus type thunderbolt registered
[    1.648634] igc 0000:56:00.0: enabling device (0000 -> 0002)
[    1.648972] igc 0000:56:00.0: PTM enabled, 4ns granularity
[    1.651567] xhci_hcd 0000:00:0d.0: new USB bus registered, assigned bus number 1
[    1.652623] xhci_hcd 0000:00:0d.0: hcc params 0x20007fc1 hci version 0x120 quirks 0x0000000200009810
[    1.656013] ahci 0000:00:17.0: AHCI 0001.0301 32 slots 1 ports 6 Gbps 0x2 impl SATA mode
[    1.658945] xhci_hcd 0000:00:0d.0: xHCI Host Controller
[    1.663113] ahci 0000:00:17.0: flags: 64bit ncq sntf pm clo only pio slum part deso sadm sds 
[    1.666046] xhci_hcd 0000:00:0d.0: new USB bus registered, assigned bus number 2
[    1.669709] scsi host0: ahci
[    1.672499] xhci_hcd 0000:00:0d.0: Host supports USB 3.2 Enhanced SuperSpeed
[    1.675916] scsi host1: ahci
[    1.679447] usb usb1: New USB device found, idVendor=1d6b, idProduct=0002, bcdDevice= 5.15
[    1.682065] ata1: DUMMY
[    1.685081] usb usb1: New USB device strings: Mfr=3, Product=2, SerialNumber=1
[    1.687799] ata2: SATA max UDMA/133 abar m2048@0x84502000 port 0x84502180 irq 142
[    1.690863] usb usb1: Product: xHCI Host Controller
[    1.695767] pps pps0: new PPS source ptp0
[    1.697788] usb usb1: Manufacturer: Linux 5.15.0-139-generic xhci-hcd
[    1.697790] usb usb1: SerialNumber: 0000:00:0d.0
[    1.701416] intel-lpss 0000:00:15.0: enabling device (0004 -> 0006)
[    1.701587] hub 1-0:1.0: USB hub found
[    1.701593] hub 1-0:1.0: 1 port detected
[    1.701745] usb usb2: New USB device found, idVendor=1d6b, idProduct=0003, bcdDevice= 5.15
[    1.701746] usb usb2: New USB device strings: Mfr=3, Product=2, SerialNumber=1
[    1.701747] usb usb2: Product: xHCI Host Controller
[    1.701748] usb usb2: Manufacturer: Linux 5.15.0-139-generic xhci-hcd
[    1.701748] usb usb2: SerialNumber: 0000:00:0d.0
[    1.701897] hub 2-0:1.0: USB hub found
[    1.701902] hub 2-0:1.0: 3 ports detected
[    1.702502] xhci_hcd 0000:00:14.0: xHCI Host Controller
[    1.702505] xhci_hcd 0000:00:14.0: new USB bus registered, assigned bus number 3
[    1.703575] xhci_hcd 0000:00:14.0: hcc params 0x20007fc1 hci version 0x120 quirks 0x0000100200009810
[    1.703797] xhci_hcd 0000:00:14.0: xHCI Host Controller
[    1.703800] xhci_hcd 0000:00:14.0: new USB bus registered, assigned bus number 4
[    1.703802] xhci_hcd 0000:00:14.0: Host supports USB 3.1 Enhanced SuperSpeed
[    1.703819] usb usb3: New USB device found, idVendor=1d6b, idProduct=0002, bcdDevice= 5.15
[    1.703821] usb usb3: New USB device strings: Mfr=3, Product=2, SerialNumber=1
[    1.703821] usb usb3: Product: xHCI Host Controller
[    1.703822] usb usb3: Manufacturer: Linux 5.15.0-139-generic xhci-hcd
[    1.703823] usb usb3: SerialNumber: 0000:00:14.0
[    1.703902] igc 0000:56:00.0 (unnamed net_device) (uninitialized): PHC added
[    1.703939] cryptd: max_cpu_qlen set to 1000
[    1.703942] hub 3-0:1.0: USB hub found
[    1.703973] hub 3-0:1.0: 12 ports detected
[    1.705365] usb usb4: New USB device found, idVendor=1d6b, idProduct=0003, bcdDevice= 5.15
[    1.705367] usb usb4: New USB device strings: Mfr=3, Product=2, SerialNumber=1
[    1.705368] usb usb4: Product: xHCI Host Controller
[    1.705368] usb usb4: Manufacturer: Linux 5.15.0-139-generic xhci-hcd
[    1.705369] usb usb4: SerialNumber: 0000:00:14.0
[    1.705547] hub 4-0:1.0: USB hub found
[    1.705570] hub 4-0:1.0: 4 ports detected
[    1.707166] idma64 idma64.0: Found Intel integrated DMA 64-bit
[    1.749786] igc 0000:56:00.0: 4.000 Gb/s available PCIe bandwidth (5.0 GT/s PCIe x1 link)
[    1.817554] igc 0000:56:00.0 eth0: MAC: 48:21:0b:51:14:be
[    1.834314] i801_smbus 0000:00:1f.4: enabling device (0000 -> 0003)
[    1.837444] i801_smbus 0000:00:1f.4: SPD Write Disable is set
[    1.840084] i801_smbus 0000:00:1f.4: SMBus using PCI interrupt
[    1.840182] nvme 0000:01:00.0: platform quirk: setting simple suspend
[    1.845589] AVX2 version of gcm_enc/dec engaged.
[    1.845674] nvme nvme0: pci function 0000:01:00.0
[    1.846097] i2c i2c-1: 2/2 memory slots populated (from DMI)
[    1.846602] i2c i2c-1: Successfully instantiated SPD at 0x50
[    1.856649] AES CTR mode by8 optimization enabled
[    1.867881] nvme nvme0: Shutdown timeout set to 10 seconds
[    1.875601] nvme nvme0: 16/0/0 default/read/poll queues
[    1.882052]  nvme0n1: p1 p2 p3
[    2.010313] ata2: SATA link down (SStatus 4 SControl 300)
[    2.019274] igc 0000:56:00.0 enp86s0: renamed from eth0
[    2.037492] usb 2-1: new SuperSpeed Plus Gen 2x1 USB device number 2 using xhci_hcd
[    2.041439] usb 3-2: new high-speed USB device number 2 using xhci_hcd
[    2.057938] usb 2-1: New USB device found, idVendor=04e8, idProduct=61fd, bcdDevice= 1.00
[    2.060965] usb 2-1: New USB device strings: Mfr=2, Product=3, SerialNumber=1
[    2.063971] usb 2-1: Product: PSSD T9
[    2.066808] usb 2-1: Manufacturer: Samsung
[    2.069586] usb 2-1: SerialNumber: S744NS0X405185A
[    2.075272] i915 0000:00:02.0: [drm] VT-d active for gfx access
[    2.077048] Console: switching to colour dummy device 80x25
[    2.077085] i915 0000:00:02.0: vgaarb: deactivate vga console
[    2.077583] i915 0000:00:02.0: vgaarb: changed VGA decodes: olddecodes=io+mem,decodes=io+mem:owns=io+mem
[    2.079038] i915 0000:00:02.0: [drm] Finished loading DMC firmware i915/adlp_dmc_ver2_12.bin (v2.12)
[    2.197238] i915 0000:00:02.0: [drm] GuC firmware i915/adlp_guc_62.0.3.bin version 62.0 submission:enabled
[    2.197244] i915 0000:00:02.0: [drm] GuC SLPC: enabled
[    2.197245] i915 0000:00:02.0: [drm] HuC firmware i915/tgl_huc_7.9.3.bin version 7.9 authenticated:yes
[    2.197689] usb 2-3: new SuperSpeed USB device number 3 using xhci_hcd
[    2.197759] i915 0000:00:02.0: [drm] GuC RC: enabled
[    2.206417] usb 3-2: New USB device found, idVendor=0bda, idProduct=5411, bcdDevice= 1.01
[    2.206452] usb 3-2: New USB device strings: Mfr=1, Product=2, SerialNumber=0
[    2.206456] usb 3-2: Product: USB2.1 Hub
[    2.206457] usb 3-2: Manufacturer: Generic
[    2.207653] hub 3-2:1.0: USB hub found
[    2.208357] hub 3-2:1.0: 5 ports detected
[    2.224934] usb 2-3: New USB device found, idVendor=2109, idProduct=0817, bcdDevice= 4.54
[    2.224948] usb 2-3: New USB device strings: Mfr=1, Product=2, SerialNumber=3
[    2.224954] usb 2-3: Product: USB3.0 Hub             
[    2.224958] usb 2-3: Manufacturer: VIA Labs, Inc.         
[    2.224963] usb 2-3: SerialNumber: 000000000
[    2.227245] hub 2-3:1.0: USB hub found
[    2.227475] hub 2-3:1.0: 4 ports detected
[    2.229218] [drm] Initialized i915 1.6.0 20201103 for 0000:00:02.0 on minor 0
[    2.232056] ACPI: video: Video Device [GFX0] (multi-head: yes  rom: no  post: no)
[    2.233435] acpi device:4e: registered as cooling_device21
[    2.233970] acpi device:4f: registered as cooling_device22
[    2.234119] input: Video Bus as /devices/LNXSYSTM:00/LNXSYBUS:00/PNP0A08:00/LNXVIDEO:00/input/input3
[    2.248975] usbcore: registered new interface driver usb-storage
[    2.298978] fbcon: i915drmfb (fb0) is primary device
[    2.325790] usb 4-2: new SuperSpeed USB device number 2 using xhci_hcd
[    2.334537] Console: switching to colour frame buffer device 240x67
[    2.354630] usb 4-2: New USB device found, idVendor=0bda, idProduct=0411, bcdDevice= 1.01
[    2.354636] usb 4-2: New USB device strings: Mfr=1, Product=2, SerialNumber=0
[    2.354639] usb 4-2: Product: USB3.2 Hub
[    2.354641] usb 4-2: Manufacturer: Generic
[    2.355413] i915 0000:00:02.0: [drm] fb0: i915drmfb frame buffer device
[    2.357357] hub 4-2:1.0: USB hub found
[    2.358130] hub 4-2:1.0: 4 ports detected
[    2.379918] scsi host2: uas
[    2.380052] usbcore: registered new interface driver uas
[    2.381152] scsi 2:0:0:0: Direct-Access     Samsung  PSSD T9          0    PQ: 0 ANSI: 6
[    2.382159] sd 2:0:0:0: Attached scsi generic sg0 type 0
[    2.382611] sd 2:0:0:0: [sda] 7814037168 512-byte logical blocks: (4.00 TB/3.64 TiB)
[    2.382713] sd 2:0:0:0: [sda] Write Protect is off
[    2.382740] sd 2:0:0:0: [sda] Mode Sense: 43 00 00 00
[    2.383010] sd 2:0:0:0: [sda] Write cache: enabled, read cache: enabled, doesn't support DPO or FUA
[    2.429884] sd 2:0:0:0: [sda] Optimal transfer size 2097152 bytes
[    2.432408]  sda: sda1
[    2.433143] sd 2:0:0:0: [sda] Attached SCSI disk
[    2.477485] usb 3-3: new high-speed USB device number 3 using xhci_hcd
[    2.629178] usb 3-3: New USB device found, idVendor=2109, idProduct=2822, bcdDevice= 7.04
[    2.629243] usb 3-3: New USB device strings: Mfr=1, Product=2, SerialNumber=3
[    2.629289] usb 3-3: Product: USB2.0 Hub             
[    2.629323] usb 3-3: Manufacturer: VIA Labs, Inc.         
[    2.629362] usb 3-3: SerialNumber: 000000001
[    2.630916] hub 3-3:1.0: USB hub found
[    2.631247] hub 3-3:1.0: 4 ports detected
[    2.705521] usb 3-2.4: new full-speed USB device number 4 using xhci_hcd
[    2.781707] usb 2-3.3: new SuperSpeed USB device number 4 using xhci_hcd
[    2.818526] usb 2-3.3: New USB device found, idVendor=0bda, idProduct=0306, bcdDevice= 7.00
[    2.818581] usb 2-3.3: New USB device strings: Mfr=1, Product=2, SerialNumber=3
[    2.818625] usb 2-3.3: Product: USB3.0-CRW
[    2.818653] usb 2-3.3: Manufacturer: Generic
[    2.818682] usb 2-3.3: SerialNumber: 60000719201300000
[    2.821144] usb 3-2.4: New USB device found, idVendor=0853, idProduct=0134, bcdDevice= 0.01
[    2.821218] usb 3-2.4: New USB device strings: Mfr=1, Product=2, SerialNumber=0
[    2.821261] usb 3-2.4: Product: Mini Keyboard
[    2.821288] usb 3-2.4: Manufacturer: LEOPOLD
[    2.836480] usb-storage 2-3.3:1.0: USB Mass Storage device detected
[    2.837146] scsi host3: usb-storage 2-3.3:1.0
[    2.897735] usb 4-2.1: new SuperSpeed USB device number 3 using xhci_hcd
[    2.919144] usb 4-2.1: New USB device found, idVendor=04e8, idProduct=61fb, bcdDevice= 1.00
[    2.921427] usb 4-2.1: New USB device strings: Mfr=2, Product=3, SerialNumber=1
[    2.923388] usb 4-2.1: Product: PSSD T7 Shield
[    2.924894] usb 4-2.1: Manufacturer: Samsung
[    2.925775] usb 4-2.1: SerialNumber: S6NSNJ0W505777F
[    2.934325] scsi host4: uas
[    2.938202] scsi 4:0:0:0: Direct-Access     Samsung  PSSD T7 Shield   0    PQ: 0 ANSI: 6
[    2.940028] sd 4:0:0:0: Attached scsi generic sg1 type 0
[    2.941009] sd 4:0:0:0: [sdb] 3907029168 512-byte logical blocks: (2.00 TB/1.82 TiB)
[    2.942374] sd 4:0:0:0: [sdb] Write Protect is off
[    2.943409] sd 4:0:0:0: [sdb] Mode Sense: 43 00 00 00
[    2.943569] sd 4:0:0:0: [sdb] Write cache: enabled, read cache: enabled, doesn't support DPO or FUA
[    2.998231] sd 4:0:0:0: [sdb] Optimal transfer size 33553920 bytes
[    3.002796]  sdb: sdb1
[    3.005530] sd 4:0:0:0: [sdb] Attached SCSI disk
[    3.848811] scsi 3:0:0:0: Direct-Access     Generic- SD/MMC           1.00 PQ: 0 ANSI: 6
[    3.852535] scsi 3:0:0:1: Direct-Access     Generic- SD/MMC/MS/MSPRO  1.00 PQ: 0 ANSI: 6
[    3.854295] sd 3:0:0:0: Attached scsi generic sg2 type 0
[    3.855802] sd 3:0:0:1: Attached scsi generic sg3 type 0
[    3.933552] usb 3-5: new high-speed USB device number 5 using xhci_hcd
[    4.085620] usb 3-5: New USB device found, idVendor=2109, idProduct=2817, bcdDevice= 4.54
[    4.087790] usb 3-5: New USB device strings: Mfr=1, Product=2, SerialNumber=3
[    4.089744] usb 3-5: Product: USB2.0 Hub             
[    4.091462] usb 3-5: Manufacturer: VIA Labs, Inc.         
[    4.092646] usb 3-5: SerialNumber: 000000000
[    4.095807] hub 3-5:1.0: USB hub found
[    4.097720] hub 3-5:1.0: 5 ports detected
[    4.393572] usb 3-3.1: new high-speed USB device number 6 using xhci_hcd
[    4.627679] usb 3-3.1: New USB device found, idVendor=0bc2, idProduct=2038, bcdDevice=18.01
[    4.628694] usb 3-3.1: New USB device strings: Mfr=1, Product=2, SerialNumber=3
[    4.629928] usb 3-3.1: Product: Expansion HDD
[    4.630945] usb 3-3.1: Manufacturer: Seagate
[    4.631864] usb 3-3.1: SerialNumber: 00000000NT17777W
[    4.639782] scsi host5: uas
[    4.641644] scsi 5:0:0:0: Direct-Access     Seagate  Expansion HDD    1801 PQ: 0 ANSI: 6
[    4.644312] sd 5:0:0:0: Attached scsi generic sg4 type 0
[    4.645518] sd 5:0:0:0: [sde] 27344764927 512-byte logical blocks: (14.0 TB/12.7 TiB)
[    4.646763] sd 5:0:0:0: [sde] 4096-byte physical blocks
[    4.648154] sd 5:0:0:0: [sde] Write Protect is off
[    4.649176] sd 5:0:0:0: [sde] Mode Sense: 53 00 00 08
[    4.649642] sd 5:0:0:0: [sde] Write cache: enabled, read cache: enabled, doesn't support DPO or FUA
[    4.650970] sd 5:0:0:0: [sde] Optimal transfer size 33553920 bytes not a multiple of physical block size (4096 bytes)
[    4.753572] usb 3-10: new full-speed USB device number 7 using xhci_hcd
[    4.908617] usb 3-10: New USB device found, idVendor=8087, idProduct=0033, bcdDevice= 0.00
[    4.910901] usb 3-10: New USB device strings: Mfr=0, Product=0, SerialNumber=0
[    4.986609]  sde: sde1
[    4.989964] sd 5:0:0:0: [sde] Attached SCSI disk
[    5.037577] usb 3-3.2: new high-speed USB device number 8 using xhci_hcd
[    5.271722] usb 3-3.2: New USB device found, idVendor=0bc2, idProduct=2038, bcdDevice=18.01
[    5.272779] usb 3-3.2: New USB device strings: Mfr=1, Product=2, SerialNumber=3
[    5.274178] usb 3-3.2: Product: Expansion HDD
[    5.275345] usb 3-3.2: Manufacturer: Seagate
[    5.276419] usb 3-3.2: SerialNumber: 00000000NT17775X
[    5.284732] scsi host6: uas
[    5.287082] scsi 6:0:0:0: Direct-Access     Seagate  Expansion HDD    1801 PQ: 0 ANSI: 6
[    5.290438] sd 6:0:0:0: Attached scsi generic sg5 type 0
[    5.291168] sd 6:0:0:0: [sdf] 27344764927 512-byte logical blocks: (14.0 TB/12.7 TiB)
[    5.292853] sd 6:0:0:0: [sdf] 4096-byte physical blocks
[    5.294276] sd 6:0:0:0: [sdf] Write Protect is off
[    5.295199] sd 6:0:0:0: [sdf] Mode Sense: 53 00 00 08
[    5.295658] sd 6:0:0:0: [sdf] Write cache: enabled, read cache: enabled, doesn't support DPO or FUA
[    5.296962] sd 6:0:0:0: [sdf] Optimal transfer size 33553920 bytes not a multiple of physical block size (4096 bytes)
[    5.397416] usb 3-5.3: new high-speed USB device number 9 using xhci_hcd
[    5.550709] usb 3-5.3: New USB device found, idVendor=1a40, idProduct=0101, bcdDevice= 1.11
[    5.553296] usb 3-5.3: New USB device strings: Mfr=0, Product=1, SerialNumber=0
[    5.556062] usb 3-5.3: Product: USB 2.0 Hub
[    5.558200] hub 3-5.3:1.0: USB hub found
[    5.559684] hub 3-5.3:1.0: 4 ports detected
[    5.635842]  sdf: sdf1
[    5.640622] sd 6:0:0:0: [sdf] Attached SCSI disk
[    5.677434] usb 3-3.3: new high-speed USB device number 10 using xhci_hcd
[    5.911009] usb 3-3.3: New USB device found, idVendor=1058, idProduct=25a3, bcdDevice=10.31
[    5.912792] usb 3-3.3: New USB device strings: Mfr=1, Product=2, SerialNumber=3
[    5.914251] usb 3-3.3: Product: Elements 25A3
[    5.915323] usb 3-3.3: Manufacturer: Western Digital
[    5.916327] usb 3-3.3: SerialNumber: 34424B5937504259
[    5.920020] usb-storage 3-3.3:1.0: USB Mass Storage device detected
[    5.921667] scsi host7: usb-storage 3-3.3:1.0
[    5.989560] usb 3-5.5: new high-speed USB device number 11 using xhci_hcd
[    6.092545] usb 3-5.5: New USB device found, idVendor=050d, idProduct=009a, bcdDevice= 0.01
[    6.093859] usb 3-5.5: New USB device strings: Mfr=1, Product=2, SerialNumber=3
[    6.094947] usb 3-5.5: Product: USB-C 7-in-1 Multiport Adapter
[    6.095964] usb 3-5.5: Manufacturer: Belkin International   
[    6.096904] usb 3-5.5: SerialNumber: 0000000000000001
[    6.221416] usb 3-3.4: new high-speed USB device number 12 using xhci_hcd
[    6.455939] usb 3-3.4: New USB device found, idVendor=1058, idProduct=2621, bcdDevice=10.34
[    6.457000] usb 3-3.4: New USB device strings: Mfr=1, Product=2, SerialNumber=3
[    6.458438] usb 3-3.4: Product: Elements 2621
[    6.459439] usb 3-3.4: Manufacturer: Western Digital
[    6.460376] usb 3-3.4: SerialNumber: 575838324432334430445331
[    6.464109] usb-storage 3-3.4:1.0: USB Mass Storage device detected
[    6.465734] scsi host8: usb-storage 3-3.4:1.0
[    6.946649] scsi 7:0:0:0: Direct-Access     WD       Elements 25A3    1031 PQ: 0 ANSI: 6
[    6.948172] scsi 7:0:0:0: Attached scsi generic sg6 type 0
[    6.949207] sd 7:0:0:0: [sdg] Very big device. Trying to use READ CAPACITY(16).
[    6.951275] sd 7:0:0:0: [sdg] 31251693568 512-byte logical blocks: (16.0 TB/14.6 TiB)
[    6.952229] sd 7:0:0:0: [sdg] 4096-byte physical blocks
[    6.953728] sd 7:0:0:0: [sdg] Write Protect is off
[    6.954627] sd 7:0:0:0: [sdg] Mode Sense: 47 00 10 08
[    6.954998] sd 7:0:0:0: [sdg] No Caching mode page found
[    6.955957] sd 7:0:0:0: [sdg] Assuming drive cache: write through
[    7.490556] scsi 8:0:0:0: Direct-Access     WD       Elements 2621    1034 PQ: 0 ANSI: 6
[    7.492188] scsi 8:0:0:0: Attached scsi generic sg7 type 0
[    7.493307] sd 8:0:0:0: [sdh] Very big device. Trying to use READ CAPACITY(16).
[    7.495324] sd 8:0:0:0: [sdh] 9767475200 512-byte logical blocks: (5.00 TB/4.55 TiB)
[    7.496281] sd 8:0:0:0: [sdh] 4096-byte physical blocks
[    7.497952] sd 8:0:0:0: [sdh] Write Protect is off
[    7.498864] sd 8:0:0:0: [sdh] Mode Sense: 47 00 10 08
[    7.499582] sd 8:0:0:0: [sdh] No Caching mode page found
[    7.500562] sd 8:0:0:0: [sdh] Assuming drive cache: write through
[    7.568251] sd 3:0:0:0: [sdc] Media removed, stopped polling
[    7.569564] sd 3:0:0:1: [sdd] Media removed, stopped polling
[   11.282724] sd 3:0:0:0: [sdc] Attached SCSI removable disk
[   11.286715] sd 3:0:0:1: [sdd] Attached SCSI removable disk
[   11.457494]  sdh: sdh1
[   11.460032] sd 8:0:0:0: [sdh] Attached SCSI disk
[   23.476810]  sdg: sdg1
[   23.479946] sd 7:0:0:0: [sdg] Attached SCSI disk
[   23.496581] hid: raw HID events driver (C) Jiri Kosina
[   23.502897] usbcore: registered new interface driver usbhid
[   23.504664] usbhid: USB HID core driver
[   23.509118] input: LEOPOLD Mini Keyboard as /devices/pci0000:00/0000:00:14.0/usb3/3-2/3-2.4/3-2.4:1.0/0003:0853:0134.0001/input/input4
[   23.569940] hid-generic 0003:0853:0134.0001: input,hidraw0: USB HID v1.11 Keyboard [LEOPOLD Mini Keyboard] on usb-0000:00:14.0-2.4/input0
[   24.533403] raid6: avx2x4   gen() 42827 MB/s
[   24.601403] raid6: avx2x4   xor()  9070 MB/s
[   24.669403] raid6: avx2x2   gen() 48059 MB/s
[   24.737403] raid6: avx2x2   xor() 31544 MB/s
[   24.805403] raid6: avx2x1   gen() 45247 MB/s
[   24.873403] raid6: avx2x1   xor() 30977 MB/s
[   24.941403] raid6: sse2x4   gen() 35337 MB/s
[   25.009404] raid6: sse2x4   xor()  7583 MB/s
[   25.077403] raid6: sse2x2   gen() 38598 MB/s
[   25.145402] raid6: sse2x2   xor() 23399 MB/s
[   25.213403] raid6: sse2x1   gen() 32493 MB/s
[   25.281402] raid6: sse2x1   xor() 21089 MB/s
[   25.281860] raid6: using algorithm avx2x2 gen() 48059 MB/s
[   25.282300] raid6: .... xor() 31544 MB/s, rmw enabled
[   25.282738] raid6: using avx2x2 recovery algorithm
[   25.284214] xor: automatically using best checksumming function   avx       
[   25.285681] async_tx: api initialized (async)
[   25.322769] Btrfs loaded, crc32c=crc32c-intel, zoned=yes, fsverity=yes
[   25.651640] EXT4-fs (nvme0n1p2): mounted filesystem with ordered data mode. Opts: (null). Quota mode: none.
[   25.769877] systemd[1]: Inserted module 'autofs4'
[   25.819929] systemd[1]: systemd 249.11-0ubuntu3.12 running in system mode (+PAM +AUDIT +SELINUX +APPARMOR +IMA +SMACK +SECCOMP +GCRYPT +GNUTLS +OPENSSL +ACL +BLKID +CURL +ELFUTILS +FIDO2 +IDN2 -IDN +IPTC +KMOD +LIBCRYPTSETUP +LIBFDISK +PCRE2 -PWQUALITY -P11KIT -QRENCODE +BZIP2 +LZ4 +XZ +ZLIB +ZSTD -XKBCOMMON +UTMP +SYSVINIT default-hierarchy=unified)
[   25.837636] systemd[1]: Detected architecture x86-64.
[   25.840647] systemd[1]: Hostname set to <aerosmith>.
[   26.157876] systemd[1]: /lib/systemd/system/networking.service:12: Unknown key name 'ExecRestart' in section 'Service', ignoring.
[   26.160421] systemd[1]: Configuration file /run/systemd/system/netplan-ovs-cleanup.service is marked world-inaccessible. This has no effect as configuration data is accessible via APIs without restrictions. Proceeding anyway.
[   26.213623] systemd[1]: sysinit.target: Found ordering cycle on cloud-init.service/start
[   26.214183] systemd[1]: sysinit.target: Found dependency on networking.service/start
[   26.214735] systemd[1]: sysinit.target: Found dependency on basic.target/start
[   26.215291] systemd[1]: sysinit.target: Found dependency on paths.target/start
[   26.215840] systemd[1]: sysinit.target: Found dependency on cups.path/start
[   26.216384] systemd[1]: sysinit.target: Found dependency on sysinit.target/start
[   26.216922] systemd[1]: sysinit.target: Job cloud-init.service/start deleted to break ordering cycle starting with sysinit.target/start
[   26.218989] systemd[1]: Queued start job for default target Graphical Interface.
[   26.221368] systemd[1]: Created slice Slice /system/modprobe.
[   26.223138] systemd[1]: Created slice Slice /system/postfix.
[   26.224616] systemd[1]: Created slice Slice /system/systemd-fsck.
[   26.226033] systemd[1]: Created slice User and Session Slice.
[   26.227374] systemd[1]: Started Forward Password Requests to Wall Directory Watch.
[   26.228686] systemd[1]: Set up automount Arbitrary Executable File Formats File System Automount Point.
[   26.229930] systemd[1]: Reached target User and Group Name Lookups.
[   26.231148] systemd[1]: Reached target Slice Units.
[   26.232343] systemd[1]: Reached target Mounting snaps.
[   26.233612] systemd[1]: Reached target Local Verity Protected Volumes.
[   26.235284] systemd[1]: Listening on Device-mapper event daemon FIFOs.
[   26.236972] systemd[1]: Listening on LVM2 poll daemon socket.
[   26.238738] systemd[1]: Listening on multipathd control socket.
[   26.242263] systemd[1]: Listening on RPCbind Server Activation Socket.
[   26.244033] systemd[1]: Listening on Syslog Socket.
[   26.245788] systemd[1]: Listening on fsck to fsckd communication Socket.
[   26.247516] systemd[1]: Listening on initctl Compatibility Named Pipe.
[   26.249289] systemd[1]: Listening on Journal Audit Socket.
[   26.251253] systemd[1]: Listening on Journal Socket (/dev/log).
[   26.252973] systemd[1]: Listening on Journal Socket.
[   26.254788] systemd[1]: Listening on Network Service Netlink Socket.
[   26.256502] systemd[1]: Listening on udev Control Socket.
[   26.258206] systemd[1]: Listening on udev Kernel Socket.
[   26.260188] systemd[1]: Mounting Huge Pages File System...
[   26.262275] systemd[1]: Mounting POSIX Message Queue File System...
[   26.264394] systemd[1]: Mounting NFSD configuration filesystem...
[   26.266514] systemd[1]: Mounting Kernel Debug File System...
[   26.268486] systemd[1]: Mounting Kernel Trace File System...
[   26.271681] systemd[1]: Starting Journal Service...
[   26.273553] systemd[1]: Condition check resulted in Kernel Module supporting RPCSEC_GSS being skipped.
[   26.275581] systemd[1]: Starting Set the console keyboard layout...
[   26.277504] systemd[1]: Starting Create List of Static Device Nodes...
[   26.277602] RPC: Registered named UNIX socket transport module.
[   26.279214] RPC: Registered udp transport module.
[   26.279215] RPC: Registered tcp transport module.
[   26.279215] RPC: Registered tcp NFSv4.1 backchannel transport module.
[   26.283845] systemd[1]: Starting Monitoring of LVM2 mirrors, snapshots etc. using dmeventd or progress polling...
[   26.286392] systemd[1]: Condition check resulted in LXD - agent being skipped.
[   26.288745] systemd[1]: Starting Load Kernel Module configfs...
[   26.292145] systemd[1]: Starting Load Kernel Module drm...
[   26.294802] systemd[1]: Starting Load Kernel Module efi_pstore...
[   26.296939] systemd[1]: Starting Load Kernel Module fuse...
[   26.299371] systemd[1]: Condition check resulted in OpenVSwitch configuration for cleanup being skipped.
[   26.300102] systemd[1]: Condition check resulted in File System Check on Root Device being skipped.
[   26.301628] systemd[1]: Starting Load Kernel Modules...
[   26.303748] systemd[1]: Starting Remount Root and Kernel File Systems...
[   26.306008] systemd[1]: Starting Coldplug All udev Devices...
[   26.308307] lp: driver loaded but no devices found
[   26.308420] systemd[1]: Mounted Huge Pages File System.
[   26.309871] pstore: Using crash dump compression: deflate
[   26.311232] pstore: Registered efi as persistent store backend
[   26.311697] EXT4-fs (nvme0n1p2): re-mounted. Opts: (null). Quota mode: none.
[   26.313878] ppdev: user-space parallel port driver
[   26.315230] systemd[1]: Started Journal Service.
[   26.323198] bridge: filtering via arp/ip/ip6tables is no longer available by default. Update your scripts to load br_netfilter if you need this.
[   26.323993] Bridge firewalling registered
[   26.336675] alua: device handler registered
[   26.337772] systemd-journald[1061]: Received client request to flush runtime journal.
[   26.338676] emc: device handler registered
[   26.340073] rdac: device handler registered
[   26.464520] mc: Linux media interface: v0.10
[   26.466161] input: Intel HID events as /devices/platform/INTC1070:00/input/input5
[   26.467398] intel-hid INTC1070:00: failed to enable HID power button
[   26.474799] videodev: Linux video capture interface: v2.00
[   26.477867] loop0: detected capacity change from 0 to 30648
[   26.483690] loop1: detected capacity change from 0 to 8
[   26.484081] loop2: detected capacity change from 0 to 367608
[   26.486030] loop3: detected capacity change from 0 to 367624
[   26.488857] loop4: detected capacity change from 0 to 213384
[   26.491924] loop5: detected capacity change from 0 to 214112
[   26.492720] resource sanity check: requesting [mem 0xfedc0000-0xfedcffff], which spans more than pnp 00:03 [mem 0xfedc0000-0xfedc7fff]
[   26.492724] caller igen6_probe+0x16e/0x560 [igen6_edac] mapping multiple BARs
[   26.492773] EDAC MC0: Giving out device to module igen6_edac controller Intel_client_SoC MC#0: DEV 0000:00:00.0 (INTERRUPT)
[   26.492870] EDAC MC1: Giving out device to module igen6_edac controller Intel_client_SoC MC#1: DEV 0000:00:00.0 (INTERRUPT)
[   26.492894] EDAC igen6 MC1: HANDLING IBECC MEMORY ERROR
[   26.492895] EDAC igen6 MC1: ADDR 0x7fffffffe0 
[   26.492896] EDAC igen6 MC0: HANDLING IBECC MEMORY ERROR
[   26.492896] EDAC igen6 MC0: ADDR 0x7fffffffe0 
[   26.492948] EDAC igen6: v2.5.1
[   26.494699] loop6: detected capacity change from 0 to 113384
[   26.496362] loop7: detected capacity change from 0 to 113384
[   26.498463] Serial bus multi instantiate pseudo device driver INT3515:00: IRQ index 1 not found
[   26.498668] loop8: detected capacity change from 0 to 130568
[   26.499098] Serial bus multi instantiate pseudo device driver INT3515:00: error -ENXIO: Error requesting irq at index 1: -6
[   26.500364] loop9: detected capacity change from 0 to 130600
[   26.505231] loop10: detected capacity change from 0 to 151320
[   26.506506] mei_me 0000:00:16.0: enabling device (0000 -> 0002)
[   26.508115] loop11: detected capacity change from 0 to 151328
[   26.509782] ee1004 1-0050: 512 byte EE1004-compliant SPD EEPROM, read-only
[   26.521168] loop12: detected capacity change from 0 to 136728
[   26.521742] cfg80211: Loading compiled-in X.509 certificates for regulatory database
[   26.521930] cfg80211: Loaded X.509 cert 'sforshee: 00b28ddf47aef9cea7'
[   26.522091] cfg80211: Loaded X.509 cert 'wens: 61c038651aabdcf94bd0ac7ff06c7248db18c600'
[   26.535471] loop13: detected capacity change from 0 to 136728
[   26.545640] loop14: detected capacity change from 0 to 140080
[   26.562986] Intel(R) Wireless WiFi driver for Linux
[   26.563537] iwlwifi 0000:00:14.3: enabling device (0000 -> 0002)
[   26.565045] loop15: detected capacity change from 0 to 137568
[   26.571612] Bluetooth: Core ver 2.22
[   26.571895] NET: Registered PF_BLUETOOTH protocol family
[   26.571897] Bluetooth: HCI device and connection manager initialized
[   26.571900] Bluetooth: HCI socket layer initialized
[   26.571902] Bluetooth: L2CAP socket layer initialized
[   26.571904] Bluetooth: SCO socket layer initialized
[   26.576875] iwlwifi 0000:00:14.3: Direct firmware load for iwlwifi-so-a0-gf-a0-66.ucode failed with error -2
[   26.577059] iwlwifi 0000:00:14.3: Direct firmware load for iwlwifi-so-a0-gf-a0-65.ucode failed with error -2
[   26.578236] iwlwifi 0000:00:14.3: api flags index 2 larger than supported by driver
[   26.578247] iwlwifi 0000:00:14.3: TLV_FW_FSEQ_VERSION: FSEQ Version: 0.0.2.25
[   26.578475] iwlwifi 0000:00:14.3: loaded firmware version 64.97bbee0a.0 so-a0-gf-a0-64.ucode op_mode iwlmvm
[   26.585107] loop16: detected capacity change from 0 to 285808
[   26.595637] Bluetooth: hci0: Device revision is 0
[   26.595640] Bluetooth: hci0: Secure boot is enabled
[   26.595640] Bluetooth: hci0: OTP lock is enabled
[   26.595641] Bluetooth: hci0: API lock is enabled
[   26.595641] Bluetooth: hci0: Debug lock is disabled
[   26.595641] Bluetooth: hci0: Minimum firmware build 1 week 10 2014
[   26.595642] Bluetooth: hci0: Bootloader timestamp 2019.40 buildtype 1 build 38
[   26.595838] usbcore: registered new interface driver btusb
[   26.596612] Bluetooth: hci0: Found device firmware: intel/ibt-0040-0041.sfi
[   26.599148] loop17: detected capacity change from 0 to 295856
[   26.614916] loop18: detected capacity change from 0 to 494688
[   26.614956] snd_hda_intel 0000:00:1f.3: DSP detected with PCI class/subclass/prog-if info 0x040100
[   26.615015] snd_hda_intel 0000:00:1f.3: enabling device (0000 -> 0002)
[   26.617308] snd_hda_intel 0000:00:1f.3: bound 0000:00:02.0 (ops i915_audio_component_bind_ops [i915])
[   26.622290] RAPL PMU: API unit is 2^-32 Joules, 4 fixed counters, 655360 ms ovfl timer
[   26.622292] RAPL PMU: hw unit of domain pp0-core 2^-14 Joules
[   26.622293] RAPL PMU: hw unit of domain package 2^-14 Joules
[   26.622294] RAPL PMU: hw unit of domain pp1-gpu 2^-14 Joules
[   26.622294] RAPL PMU: hw unit of domain psys 2^-14 Joules
[   26.634039] iwlwifi 0000:00:14.3: Detected Intel(R) Wi-Fi 6E AX211 160MHz, REV=0x370
[   26.643076] thermal thermal_zone1: failed to read out thermal zone (-61)
[   26.645744] loop19: detected capacity change from 0 to 495504
[   26.672885] loop20: detected capacity change from 0 to 323200
[   26.677613] loop21: detected capacity change from 0 to 78432
[   26.681945] snd_hda_codec_realtek hdaudioC0D0: autoconfig for ALC269VB: line_outs=1 (0x21/0x0/0x0/0x0/0x0) type:hp
[   26.681949] snd_hda_codec_realtek hdaudioC0D0:    speaker_outs=0 (0x0/0x0/0x0/0x0/0x0)
[   26.681950] snd_hda_codec_realtek hdaudioC0D0:    hp_outs=0 (0x0/0x0/0x0/0x0/0x0)
[   26.681951] snd_hda_codec_realtek hdaudioC0D0:    mono: mono_out=0x0
[   26.681951] snd_hda_codec_realtek hdaudioC0D0:    inputs:
[   26.681952] snd_hda_codec_realtek hdaudioC0D0:      Mic=0x18
[   26.690814] loop23: detected capacity change from 0 to 337560
[   26.691475] loop22: detected capacity change from 0 to 78448
[   26.702557] intel_tcc_cooling: Programmable TCC Offset detected
[   26.715333] loop24: detected capacity change from 0 to 716168
[   26.740288] loop25: detected capacity change from 0 to 1034424
[   26.748320] loop26: detected capacity change from 0 to 1056784
[   26.749086] snd_hda_codec_hdmi hdaudioC0D2: Monitor plugged-in, Failed to power up codec ret=[-13]
[   26.764105] snd_hda_codec_hdmi hdaudioC0D2: Monitor plugged-in, Failed to power up codec ret=[-13]
[   26.766614] loop27: detected capacity change from 0 to 716176
[   26.784667] input: HDA Intel PCH Mic as /devices/pci0000:00/0000:00:1f.3/sound/card0/input6
[   26.790362] loop28: detected capacity change from 0 to 838200
[   26.800704] loop29: detected capacity change from 0 to 187776
[   26.804801] input: HDA Intel PCH Headphone as /devices/pci0000:00/0000:00:1f.3/sound/card0/input7
[   26.805761] iwlwifi 0000:00:14.3: loaded PNVM version 0xe28bb9d7
[   26.807941] loop30: detected capacity change from 0 to 868728
[   26.816730] loop31: detected capacity change from 0 to 178256
[   26.816938] input: HDA Intel PCH HDMI/DP,pcm=3 as /devices/pci0000:00/0000:00:1f.3/sound/card0/input8
[   26.821582] iwlwifi 0000:00:14.3: Detected RF GF, rfid=0x2010d000
[   26.824623] input: HDA Intel PCH HDMI/DP,pcm=7 as /devices/pci0000:00/0000:00:1f.3/sound/card0/input9
[   26.830219] loop32: detected capacity change from 0 to 183096
[   26.835471] input: HDA Intel PCH HDMI/DP,pcm=8 as /devices/pci0000:00/0000:00:1f.3/sound/card0/input10
[   26.837000] input: HDA Intel PCH HDMI/DP,pcm=9 as /devices/pci0000:00/0000:00:1f.3/sound/card0/input11
[   26.837966] loop33: detected capacity change from 0 to 339496
[   26.840515] input: HDA Intel PCH HDMI/DP,pcm=10 as /devices/pci0000:00/0000:00:1f.3/sound/card0/input12
[   26.847403] loop35: detected capacity change from 0 to 79264
[   26.849180] input: HDA Intel PCH HDMI/DP,pcm=11 as /devices/pci0000:00/0000:00:1f.3/sound/card0/input13
[   26.850263] input: HDA Intel PCH HDMI/DP,pcm=12 as /devices/pci0000:00/0000:00:1f.3/sound/card0/input14
[   26.852737] input: HDA Intel PCH HDMI/DP,pcm=13 as /devices/pci0000:00/0000:00:1f.3/sound/card0/input15
[   26.855986] loop34: detected capacity change from 0 to 339608
[   26.857121] input: HDA Intel PCH HDMI/DP,pcm=14 as /devices/pci0000:00/0000:00:1f.3/sound/card0/input16
[   26.857606] loop36: detected capacity change from 0 to 142376
[   26.857978] input: HDA Intel PCH HDMI/DP,pcm=15 as /devices/pci0000:00/0000:00:1f.3/sound/card0/input17
[   26.859689] input: HDA Intel PCH HDMI/DP,pcm=16 as /devices/pci0000:00/0000:00:1f.3/sound/card0/input18
[   26.859743] input: HDA Intel PCH HDMI/DP,pcm=17 as /devices/pci0000:00/0000:00:1f.3/sound/card0/input19
[   26.862723] loop37: detected capacity change from 0 to 156824
[   26.863279] loop38: detected capacity change from 0 to 156832
[   26.873362] mei_hdcp 0000:00:16.0-b638ab7e-94e2-4ea2-a552-d1c54b627f04: bound 0000:00:02.0 (ops i915_hdcp_component_ops [i915])
[   26.883871] intel_rapl_msr: PL4 support detected.
[   26.883958] intel_rapl_common: Found RAPL domain package
[   26.883960] intel_rapl_common: Found RAPL domain core
[   26.883961] intel_rapl_common: Found RAPL domain uncore
[   26.883963] intel_rapl_common: Found RAPL domain psys
[   26.891781] iwlwifi 0000:00:14.3: base HW address: 08:8e:90:37:65:13
[   26.897082] loop39: detected capacity change from 0 to 98648
[   26.899518] loop40: detected capacity change from 0 to 22936
[   26.924170] loop41: detected capacity change from 0 to 91024
[   26.924460] loop42: detected capacity change from 0 to 28520
[   26.926476] loop43: detected capacity change from 0 to 104232
[   26.928461] loop44: detected capacity change from 0 to 10352
[   26.932110] loop45: detected capacity change from 0 to 10376
[   26.934232] iwlwifi 0000:00:14.3 wlo1: renamed from wlan0
[   26.935266] loop46: detected capacity change from 0 to 327960
[   27.025578] Adding 67108860k swap on /dev/nvme0n1p3.  Priority:-2 extents:1 across:67108860k SSFS
[   27.093874] audit: type=1400 audit(1747886497.343:2): apparmor="STATUS" operation="profile_load" profile="unconfined" name="cri-containerd.apparmor.d" pid=1927 comm="apparmor_parser"
[   27.094128] audit: type=1400 audit(1747886497.343:3): apparmor="STATUS" operation="profile_load" profile="unconfined" name="libreoffice-xpdfimport" pid=1941 comm="apparmor_parser"
[   27.094481] audit: type=1400 audit(1747886497.343:4): apparmor="STATUS" operation="profile_load" profile="unconfined" name="libreoffice-senddoc" pid=1939 comm="apparmor_parser"
[   27.095084] audit: type=1400 audit(1747886497.343:5): apparmor="STATUS" operation="profile_load" profile="unconfined" name="lsb_release" pid=1929 comm="apparmor_parser"
[   27.095252] audit: type=1400 audit(1747886497.343:6): apparmor="STATUS" operation="profile_load" profile="unconfined" name="libreoffice-oosplash" pid=1938 comm="apparmor_parser"
[   27.095511] audit: type=1400 audit(1747886497.343:7): apparmor="STATUS" operation="profile_load" profile="unconfined" name="/usr/bin/man" pid=1936 comm="apparmor_parser"
[   27.095514] audit: type=1400 audit(1747886497.343:8): apparmor="STATUS" operation="profile_load" profile="unconfined" name="man_filter" pid=1936 comm="apparmor_parser"
[   27.095516] audit: type=1400 audit(1747886497.343:9): apparmor="STATUS" operation="profile_load" profile="unconfined" name="man_groff" pid=1936 comm="apparmor_parser"
[   27.095551] audit: type=1400 audit(1747886497.343:10): apparmor="STATUS" operation="profile_load" profile="unconfined" name="nvidia_modprobe" pid=1932 comm="apparmor_parser"
[   27.095554] audit: type=1400 audit(1747886497.343:11): apparmor="STATUS" operation="profile_load" profile="unconfined" name="nvidia_modprobe//kmod" pid=1932 comm="apparmor_parser"
[   27.512871] Process accounting resumed
[   27.564747] Bluetooth: BNEP (Ethernet Emulation) ver 1.3
[   27.564751] Bluetooth: BNEP filters: protocol multicast
[   27.564755] Bluetooth: BNEP socket layer initialized
[   28.015034] vboxdrv: loading out-of-tree module taints kernel.
[   28.015220] vboxdrv: module verification failed: signature and/or required key missing - tainting kernel
[   28.017064] vboxdrv: Found 16 processor cores/threads
[   28.033663] vboxdrv: TSC mode is Invariant, tentative frequency 2495986212 Hz
[   28.033667] vboxdrv: Successfully loaded version 7.1.4 r165100 (interface 0x00340001)
[   28.191091] Bluetooth: hci0: Waiting for firmware download to complete
[   28.191660] Bluetooth: hci0: Firmware loaded in 1557661 usecs
[   28.191713] Bluetooth: hci0: Waiting for device to boot
[   28.207742] Bluetooth: hci0: Device booted in 15675 usecs
[   28.207965] Bluetooth: hci0: Found Intel DDC parameters: intel/ibt-0040-0041.ddc
[   28.210790] Bluetooth: hci0: Applying Intel DDC parameters completed
[   28.214688] Bluetooth: hci0: Firmware timestamp 2023.24 buildtype 1 build 67068
[   28.237501] VBoxNetFlt: Successfully started.
[   28.239540] VBoxNetAdp: Successfully started.
[   28.275959] NET: Registered PF_ALG protocol family
[   31.102525] igc 0000:56:00.0 enp86s0: NIC Link is Up 1000 Mbps Full Duplex, Flow Control: RX
[   31.102708] IPv6: ADDRCONF(NETDEV_CHANGE): enp86s0: link becomes ready
[   31.186549] loop47: detected capacity change from 0 to 8
[   32.407530] overlayfs: missing 'lowerdir'
[   32.695022] kauditd_printk_skb: 284 callbacks suppressed
[   32.695024] audit: type=1326 audit(1747886502.943:296): auid=4294967295 uid=0 gid=0 ses=4294967295 subj=snap.cups.cupsd pid=3727 comm="cupsd" exe="/snap/cups/1100/sbin/cupsd" sig=0 arch=c000003e syscall=93 compat=0 ip=0x7f917d259a9b code=0x50000
[   33.185105] bpfilter: Loaded bpfilter_umh pid 5723
[   33.185265] Started bpfilter
[   33.656372] audit: type=1326 audit(1747886503.903:297): auid=4294967295 uid=0 gid=0 ses=4294967295 subj=snap.cups.cupsd pid=3728 comm="cups-proxyd" exe="/snap/cups/1100/sbin/cups-proxyd" sig=0 arch=c000003e syscall=314 compat=0 ip=0x7f26bf4b788d code=0x50000
[   34.402710] audit: type=1400 audit(1747886504.651:298): apparmor="DENIED" operation="open" profile="snap.wekan.mongodb" name="/sys/block/" pid=5460 comm="mongod" requested_mask="r" denied_mask="r" fsuid=0 ouid=0
[   34.746351] audit: type=1326 audit(1747886504.995:299): auid=4294967295 uid=0 gid=0 ses=4294967295 subj=snap.cups.cupsd pid=3727 comm="cupsd" exe="/snap/cups/1100/sbin/cupsd" sig=0 arch=c000003e syscall=93 compat=0 ip=0x7f917d259a9b code=0x50000
[   35.151485] audit: type=1400 audit(1747886505.399:300): apparmor="DENIED" operation="ptrace" profile="snap.docker.dockerd" pid=5848 comm="ps" requested_mask="read" denied_mask="read" peer="/usr/sbin/haveged"
[   35.152931] audit: type=1400 audit(1747886505.399:301): apparmor="DENIED" operation="ptrace" profile="snap.docker.dockerd" pid=5848 comm="ps" requested_mask="read" denied_mask="read" peer="/usr/sbin/cupsd"
[   35.152935] audit: type=1400 audit(1747886505.399:302): apparmor="DENIED" operation="ptrace" profile="snap.docker.dockerd" pid=5848 comm="ps" requested_mask="read" denied_mask="read" peer="snap.cups.cups-browsed"
[   35.152986] audit: type=1400 audit(1747886505.399:303): apparmor="DENIED" operation="ptrace" profile="snap.docker.dockerd" pid=5848 comm="ps" requested_mask="read" denied_mask="read" peer="snap.cups.cupsd"
[   35.153042] audit: type=1400 audit(1747886505.399:304): apparmor="DENIED" operation="ptrace" profile="snap.docker.dockerd" pid=5848 comm="ps" requested_mask="read" denied_mask="read" peer="snap.microk8s.daemon-apiserver-kicker"
[   35.153103] audit: type=1400 audit(1747886505.399:305): apparmor="DENIED" operation="ptrace" profile="snap.docker.dockerd" pid=5848 comm="ps" requested_mask="read" denied_mask="read" peer="snap.microk8s.daemon-cluster-agent"
[   35.437953] Initializing XFRM netlink socket
[   35.822950] NFSD: Using nfsdcld client tracking operations.
[   35.822953] NFSD: no clients to reclaim, skipping NFSv4 grace period (net f0000000)
[   36.917155] i915 0000:00:02.0: [drm] Reducing the compressed framebuffer size. This may lead to less power savings than a non-reduced-size. Try to increase stolen memory size if available in BIOS.
[   38.261260] Bluetooth: RFCOMM TTY layer initialized
[   38.261268] Bluetooth: RFCOMM socket layer initialized
[   38.261271] Bluetooth: RFCOMM ver 1.11
[   47.456416] wireguard: WireGuard 1.0.0 loaded. See www.wireguard.com for information.
[   47.456418] wireguard: Copyright (C) 2015-2019 Jason A. Donenfeld <Jason@zx2c4.com>. All Rights Reserved.
[   47.648195] IPv6: ADDRCONF(NETDEV_CHANGE): eth0: link becomes ready
[   47.648257] IPv6: ADDRCONF(NETDEV_CHANGE): calib66d637db54: link becomes ready
[   76.726070] kauditd_printk_skb: 16 callbacks suppressed
[   76.726073] audit: type=1400 audit(1747886544.592:322): apparmor="ALLOWED" operation="connect" profile="/usr/libexec/ibus-engine-hangul" pid=9100 comm="ibus-engine-han" family="unix" sock_type="stream" protocol=0 requested_mask="send receive connect" denied_mask="send connect" addr=none peer_addr="@/home/blusjune/.cache/ibus/dbus-OAsuaBcA" peer="unconfined"
[  148.950475] input: M720 Triathlon Keyboard as /devices/virtual/misc/uhid/0005:046D:B015.0002/input/input20
